Component: ARM Compiler 5.06 update 6 (build 750) Tool: armlink [4d35ed]

==============================================================================

Section Cross References

    main.o(i.MX_GPIO_Init) refers to rt_memclr.o(.text) for __aeabi_memclr4
    main.o(i.MX_GPIO_Init) refers to stm32f0xx_hal_gpio.o(i.HAL_GPIO_WritePin) for HAL_GPIO_WritePin
    main.o(i.MX_GPIO_Init) refers to stm32f0xx_hal_gpio.o(i.HAL_GPIO_Init) for HAL_GPIO_Init
    main.o(i.TaskB) refers to stm32f0xx_hal_gpio.o(i.HAL_GPIO_WritePin) for HAL_GPIO_WritePin
    main.o(i.TaskB) refers to rtx_delay.o(.text.osDelay) for osDelay
    main.o(i.TaskC) refers to stm32f0xx_hal_gpio.o(i.HAL_GPIO_WritePin) for HAL_GPIO_WritePin
    main.o(i.TaskC) refers to rtx_delay.o(.text.osDelay) for osDelay
    main.o(i.app_main) refers to stm32f0xx_hal_gpio.o(i.HAL_GPIO_WritePin) for HAL_GPIO_WritePin
    main.o(i.app_main) refers to rtx_delay.o(.text.osDelay) for osDelay
    main.o(i.main) refers to stm32f0xx_hal.o(i.HAL_Init) for HAL_Init
    main.o(i.main) refers to system_stm32f0xx.o(i.SystemCoreClockUpdate) for SystemCoreClockUpdate
    main.o(i.main) refers to main.o(i.MX_GPIO_Init) for MX_GPIO_Init
    main.o(i.main) refers to rtx_kernel.o(.text.osKernelInitialize) for osKernelInitialize
    main.o(i.main) refers to rtx_thread.o(.text.osThreadNew) for osThreadNew
    main.o(i.main) refers to rtx_kernel.o(.text.osKernelStart) for osKernelStart
    main.o(i.main) refers to main.o(i.app_main) for app_main
    main.o(i.main) refers to main.o(i.TaskB) for TaskB
    main.o(i.main) refers to main.o(i.TaskC) for TaskC
    rtx_lib.o(i.__user_perthread_libspace) refers to rtx_lib.o(i.os_kernel_is_active) for os_kernel_is_active
    rtx_lib.o(i.__user_perthread_libspace) refers to rtx_thread.o(.text.osThreadGetId) for osThreadGetId
    rtx_lib.o(i.__user_perthread_libspace) refers to rtx_config.o(i.osRtxErrorNotify) for osRtxErrorNotify
    rtx_lib.o(i.__user_perthread_libspace) refers to rtx_lib.o(.bss.os.libspace) for os_libspace_id
    rtx_lib.o(i._mutex_acquire) refers to rtx_lib.o(i.os_kernel_is_active) for os_kernel_is_active
    rtx_lib.o(i._mutex_acquire) refers to rtx_mutex.o(.text.osMutexAcquire) for osMutexAcquire
    rtx_lib.o(i._mutex_free) refers to rtx_mutex.o(.text.osMutexDelete) for osMutexDelete
    rtx_lib.o(i._mutex_initialize) refers to rtx_mutex.o(.text.osMutexNew) for osMutexNew
    rtx_lib.o(i._mutex_initialize) refers to rtx_config.o(i.osRtxErrorNotify) for osRtxErrorNotify
    rtx_lib.o(i._mutex_release) refers to rtx_lib.o(i.os_kernel_is_active) for os_kernel_is_active
    rtx_lib.o(i._mutex_release) refers to rtx_mutex.o(.text.osMutexRelease) for osMutexRelease
    rtx_lib.o(i._platform_post_stackheap_init) refers to rtx_kernel.o(.text.osKernelInitialize) for osKernelInitialize
    rtx_lib.o(i.os_kernel_is_active) refers to rtx_kernel.o(.text.osKernelGetState) for osKernelGetState
    rtx_lib.o(i.os_kernel_is_active) refers to rtx_lib.o(.data) for os_kernel_active
    rtx_lib.o(.constdata) refers to rtx_lib.o(.bss.os.thread.cb) for os_idle_thread_cb
    rtx_lib.o(.constdata) refers to rtx_lib.o(.bss.os.thread.stack) for os_idle_thread_stack
    rtx_lib.o(.constdata) refers to rtx_lib.o(.bss.os.msgqueue.cb) for os_timer_mq_cb
    rtx_lib.o(.constdata) refers to rtx_lib.o(.bss.os.msgqueue.mem) for os_timer_mq_data
    rtx_lib.o(.data) refers to irq_cm0.o(.constdata) for irqRtxLib
    rtx_lib.o(.rodata) refers to rtx_lib.o(.bss.os) for os_isr_queue
    rtx_lib.o(.rodata) refers to rtx_lib.o(.constdata) for os_idle_thread_attr
    rtx_config.o(i.osRtxErrorNotify) refers to rtx_config.o(i.__ARM_common_switch8) for __ARM_common_switch8
    stm32f0xx_hal.o(i.HAL_DeInit) refers to stm32f0xx_hal.o(i.HAL_MspDeInit) for HAL_MspDeInit
    stm32f0xx_hal.o(i.HAL_Delay) refers to stm32f0xx_hal.o(i.HAL_GetTick) for HAL_GetTick
    stm32f0xx_hal.o(i.HAL_GetTick) refers to stm32f0xx_hal.o(.data) for uwTick
    stm32f0xx_hal.o(i.HAL_IncTick) refers to stm32f0xx_hal.o(.data) for uwTick
    stm32f0xx_hal.o(i.HAL_Init) refers to stm32f0xx_hal.o(i.HAL_InitTick) for HAL_InitTick
    stm32f0xx_hal.o(i.HAL_Init) refers to stm32f0xx_hal.o(i.HAL_MspInit) for HAL_MspInit
    stm32f0xx_hal.o(i.HAL_InitTick) refers to stm32f0xx_hal_rcc.o(i.HAL_RCC_GetHCLKFreq) for HAL_RCC_GetHCLKFreq
    stm32f0xx_hal.o(i.HAL_InitTick) refers to aeabi_sdiv.o(.text) for __aeabi_uidivmod
    stm32f0xx_hal.o(i.HAL_InitTick) refers to stm32f0xx_hal_cortex.o(i.HAL_SYSTICK_Config) for HAL_SYSTICK_Config
    stm32f0xx_hal.o(i.HAL_InitTick) refers to stm32f0xx_hal_cortex.o(i.HAL_NVIC_SetPriority) for HAL_NVIC_SetPriority
    stm32f0xx_hal_cortex.o(i.HAL_NVIC_SetPriority) refers to stm32f0xx_hal_cortex.o(i.__NVIC_SetPriority) for __NVIC_SetPriority
    stm32f0xx_hal_cortex.o(i.HAL_SYSTICK_Config) refers to stm32f0xx_hal_cortex.o(i.__NVIC_SetPriority) for __NVIC_SetPriority
[...]
    Removing rtx_msgqueue.o(.ARM.exidx.text.osMessageQueueGetSpace), (8 bytes).
    Removing rtx_msgqueue.o(.text.svcRtxMessageQueueGetSpace), (22 bytes).
    Removing rtx_msgqueue.o(.ARM.exidx.text.svcRtxMessageQueueGetSpace), (8 bytes).
    Removing rtx_msgqueue.o(.text.osMessageQueueReset), (40 bytes).
    Removing rtx_msgqueue.o(.ARM.exidx.text.osMessageQueueReset), (8 bytes).
    Removing rtx_msgqueue.o(.text.osMessageQueueDelete), (40 bytes).
    Removing rtx_msgqueue.o(.ARM.exidx.text.osMessageQueueDelete), (8 bytes).
    Removing rtx_msgqueue.o(.ARM.exidx.text.svcRtxMessageQueueNew), (8 bytes).
    Removing rtx_msgqueue.o(.ARM.exidx.text.osRtxMessageQueuePostProcess), (8 bytes).
    Removing rtx_msgqueue.o(.ARM.exidx.text.MessageQueueRemove), (8 bytes).
    Removing rtx_msgqueue.o(.ARM.exidx.text.MessageQueuePut), (8 bytes).
    Removing rtx_msgqueue.o(.text.svcRtxMessageQueueGetName), (18 bytes).
    Removing rtx_msgqueue.o(.ARM.exidx.text.svcRtxMessageQueueGetName), (8 bytes).
    Removing rtx_msgqueue.o(.ARM.exidx.text.svcRtxMessageQueuePut), (8 bytes).
    Removing rtx_msgqueue.o(.ARM.exidx.text.MessageQueueGet), (8 bytes).
    Removing rtx_msgqueue.o(.ARM.exidx.text.svcRtxMessageQueueGet), (8 bytes).
    Removing rtx_msgqueue.o(.text.svcRtxMessageQueueReset), (176 bytes).
    Removing rtx_msgqueue.o(.ARM.exidx.text.svcRtxMessageQueueReset), (8 bytes).
    Removing rtx_msgqueue.o(.text.svcRtxMessageQueueDelete), (116 bytes).
    Removing rtx_msgqueue.o(.ARM.exidx.text.svcRtxMessageQueueDelete), (8 bytes).

415 unused section(s) (total 14610 bytes) removed from the image.

==============================================================================

Image Symbol Table

    Local Symbols

    Symbol Name                              Value     Ov Type        Size  Object(Section)

    ../clib/../cmprslib/zerorunl.c           0x00000000   Number         0  __dczerorl.o ABSOLUTE
    ../clib/angel/boardlib.s                 0x00000000   Number         0  boardshut.o ABSOLUTE
    ../clib/angel/boardlib.s                 0x00000000   Number         0  boardinit1.o ABSOLUTE
    ../clib/angel/boardlib.s                 0x00000000   Number         0  boardinit3.o ABSOLUTE
    ../clib/angel/handlers.s                 0x00000000   Number         0  __scatter_zi.o ABSOLUTE
    ../clib/angel/kernel.s                   0x00000000   Number         0  __rtentry4.o ABSOLUTE
    ../clib/angel/kernel.s                   0x00000000   Number         0  __rtentry2.o ABSOLUTE
    ../clib/angel/kernel.s                   0x00000000   Number         0  rtexit2.o ABSOLUTE
    ../clib/angel/kernel.s                   0x00000000   Number         0  __rtentry.o ABSOLUTE
    ../clib/angel/kernel.s                   0x00000000   Number         0  rtexit.o ABSOLUTE
    ../clib/angel/rt.s                       0x00000000   Number         0  aeabi_idiv0.o ABSOLUTE
    ../clib/angel/rt.s                       0x00000000   Number         0  aeabi_idiv0_sigfpe.o ABSOLUTE
    ../clib/angel/rt.s                       0x00000000   Number         0  rt_div0.o ABSOLUTE
    ../clib/angel/rt.s                       0x00000000   Number         0  rt_raise.o ABSOLUTE
    ../clib/angel/scatterp.s                 0x00000000   Number         0  __scatter.o ABSOLUTE
    ../clib/angel/startup.s                  0x00000000   Number         0  __main.o ABSOLUTE
    ../clib/angel/sys.s                      0x00000000   Number         0  libspace.o ABSOLUTE
    ../clib/angel/sys.s                      0x00000000   Number         0  tempstk.o ABSOLUTE
    ../clib/angel/sys.s                      0x00000000   Number         0  use_no_semi.o ABSOLUTE
    ../clib/angel/sys.s                      0x00000000   Number         0  indicate_semi.o ABSOLUTE
    ../clib/angel/sys.s                      0x00000000   Number         0  sys_stackheap_outer.o ABSOLUTE
    ../clib/angel/sysapp.c                   0x00000000   Number         0  sys_exit.o ABSOLUTE
    ../clib/angel/sysapp.c                   0x00000000   Number         0  sys_command.o ABSOLUTE
    ../clib/angel/sysapp.c                   0x00000000   Number         0  sys_wrch.o ABSOLUTE
    ../clib/armsys.c                         0x00000000   Number         0  no_argv.o ABSOLUTE
    ../clib/armsys.c                         0x00000000   Number         0  argv_veneer.o ABSOLUTE
    ../clib/armsys.c                         0x00000000   Number         0  _get_argv_nomalloc.o ABSOLUTE
    ../clib/division.s                       0x00000000   Number         0  aeabi_sdiv_div0.o ABSOLUTE
    ../clib/division.s                       0x00000000   Number         0  aeabi_sdiv.o ABSOLUTE
    ../clib/heapalloc.c                      0x00000000   Number         0  hrguard.o ABSOLUTE
    ../clib/heapaux.c                        0x00000000   Number         0  heapauxi.o ABSOLUTE
    ../clib/libinit.s                        0x00000000   Number         0  libinit2.o ABSOLUTE
    ../clib/libinit.s                        0x00000000   Number         0  libshutdown2.o ABSOLUTE
    ../clib/libinit.s                        0x00000000   Number         0  libshutdown.o ABSOLUTE
    ../clib/libinit.s                        0x00000000   Number         0  libinit.o ABSOLUTE
    ../clib/longlong.c                       0x00000000   Number         0  llushr.o ABSOLUTE
    ../clib/memcpset.c                       0x00000000   Number         0  rt_memcpy.o ABSOLUTE
    ../clib/memcpset.c                       0x00000000   Number         0  rt_memclr.o ABSOLUTE
    ../clib/memcpset.c                       0x00000000   Number         0  rt_memcpy.o ABSOLUTE
    ../clib/signal.c                         0x00000000   Number         0  defsig_rtmem_formal.o ABSOLUTE
    ../clib/signal.c                         0x00000000   Number         0  defsig_rtmem_outer.o ABSOLUTE
    ../clib/signal.c                         0x00000000   Number         0  defsig_rtmem_inner.o ABSOLUTE
    ../clib/signal.c                         0x00000000   Number         0  __raise.o ABSOLUTE
    ../clib/signal.c                         0x00000000   Number         0  defsig_rtred_inner.o ABSOLUTE
    ../clib/signal.c                         0x00000000   Number         0  defsig_general.o ABSOLUTE
    ../clib/signal.c                         0x00000000   Number         0  defsig_other.o ABSOLUTE
    ../clib/signal.c                         0x00000000   Number         0  defsig_fpe_inner.o ABSOLUTE
    ../clib/signal.c                         0x00000000   Number         0  defsig_exit.o ABSOLUTE
    ../clib/signal.c                         0x00000000   Number         0  defsig_segv_inner.o ABSOLUTE
    ../clib/signal.c                         0x00000000   Number         0  defsig_cppl_inner.o ABSOLUTE
    ../clib/signal.c                         0x00000000   Number         0  defsig_pvfn_inner.o ABSOLUTE
    ../clib/signal.c                         0x00000000   Number         0  defsig_stak_inner.o ABSOLUTE
    ../clib/signal.c                         0x00000000   Number         0  defsig_fpe_formal.o ABSOLUTE
    ../clib/signal.c                         0x00000000   Number         0  defsig_fpe_outer.o ABSOLUTE
    ../clib/signal.c                         0x00000000   Number         0  defsig_abrt_inner.o ABSOLUTE
    ../clib/signal.s                         0x00000000   Number         0  defsig.o ABSOLUTE
    ../clib/stdlib.c                         0x00000000   Number         0  exit.o ABSOLUTE
    ../fplib/cfplib/fpinit.c                 0x00000000   Number         0  fpinit.o ABSOLUTE
    ..\..\..\Source\ARM\irq_cm0.s            0x00000000   Number         0  irq_cm0.o ABSOLUTE
    C:\Users\ASiDesigner\AppData\Local\Arm\Packs\ARM\CMSIS\5.5.1\CMSIS\RTOS2\RTX\Source\rtx_lib.c 0x00000000   Number         0  rtx_lib.o ABSOLUTE
    C:\Users\ASiDesigner\AppData\Local\Arm\Packs\Keil\STM32F0xx_DFP\2.0.0\Drivers\STM32F0xx_HAL_Driver\Src\stm32f0xx_hal.c 0x00000000   Number         0  stm32f0xx_hal.o ABSOLUTE
    C:\Users\ASiDesigner\AppData\Local\Arm\Packs\Keil\STM32F0xx_DFP\2.0.0\Drivers\STM32F0xx_HAL_Driver\Src\stm32f0xx_hal_cortex.c 0x00000000   Number         0  stm32f0xx_hal_cortex.o ABSOLUTE
    C:\Users\ASiDesigner\AppData\Local\Arm\Packs\Keil\STM32F0xx_DFP\2.0.0\Drivers\STM32F0xx_HAL_Driver\Src\stm32f0xx_hal_flash.c 0x00000000   Number         0  stm32f0xx_hal_flash.o ABSOLUTE
    C:\Users\ASiDesigner\AppData\Local\Arm\Packs\Keil\STM32F0xx_DFP\2.0.0\Drivers\STM32F0xx_HAL_Driver\Src\stm32f0xx_hal_flash_ex.c 0x00000000   Number         0  stm32f0xx_hal_flash_ex.o ABSOLUTE
    C:\Users\ASiDesigner\AppData\Local\Arm\Packs\Keil\STM32F0xx_DFP\2.0.0\Drivers\STM32F0xx_HAL_Driver\Src\stm32f0xx_hal_gpio.c 0x00000000   Number         0  stm32f0xx_hal_gpio.o ABSOLUTE
    C:\Users\ASiDesigner\AppData\Local\Arm\Packs\Keil\STM32F0xx_DFP\2.0.0\Drivers\STM32F0xx_HAL_Driver\Src\stm32f0xx_hal_rcc.c 0x00000000   Number         0  stm32f0xx_hal_rcc.o ABSOLUTE
    C:\Users\ASiDesigner\AppData\Local\Arm\Packs\Keil\STM32F0xx_DFP\2.0.0\Drivers\STM32F0xx_HAL_Driver\Src\stm32f0xx_hal_rcc_ex.c 0x00000000   Number         0  stm32f0xx_hal_rcc_ex.o ABSOLUTE
    C:\\Users\\ASiDesigner\\AppData\\Local\\Arm\\Packs\\ARM\\CMSIS\\5.5.1\\CMSIS\\RTOS2\\RTX\\Source\\rtx_lib.c 0x00000000   Number         0  rtx_lib.o ABSOLUTE
    C:\\Users\\ASiDesigner\\AppData\\Local\\Arm\\Packs\\Keil\\STM32F0xx_DFP\\2.0.0\\Drivers\\STM32F0xx_HAL_Driver\\Src\\stm32f0xx_hal.c 0x00000000   Number         0  stm32f0xx_hal.o ABSOLUTE
    C:\\Users\\ASiDesigner\\AppData\\Local\\Arm\\Packs\\Keil\\STM32F0xx_DFP\\2.0.0\\Drivers\\STM32F0xx_HAL_Driver\\Src\\stm32f0xx_hal_cortex.c 0x00000000   Number         0  stm32f0xx_hal_cortex.o ABSOLUTE
    C:\\Users\\ASiDesigner\\AppData\\Local\\Arm\\Packs\\Keil\\STM32F0xx_DFP\\2.0.0\\Drivers\\STM32F0xx_HAL_Driver\\Src\\stm32f0xx_hal_flash.c 0x00000000   Number         0  stm32f0xx_hal_flash.o ABSOLUTE
    C:\\Users\\ASiDesigner\\AppData\\Local\\Arm\\Packs\\Keil\\STM32F0xx_DFP\\2.0.0\\Drivers\\STM32F0xx_HAL_Driver\\Src\\stm32f0xx_hal_flash_ex.c 0x00000000   Number         0  stm32f0xx_hal_flash_ex.o ABSOLUTE
    C:\\Users\\ASiDesigner\\AppData\\Local\\Arm\\Packs\\Keil\\STM32F0xx_DFP\\2.0.0\\Drivers\\STM32F0xx_HAL_Driver\\Src\\stm32f0xx_hal_gpio.c 0x00000000   Number         0  stm32f0xx_hal_gpio.o ABSOLUTE
    C:\\Users\\ASiDesigner\\AppData\\Local\\Arm\\Packs\\Keil\\STM32F0xx_DFP\\2.0.0\\Drivers\\STM32F0xx_HAL_Driver\\Src\\stm32f0xx_hal_rcc.c 0x00000000   Number         0  stm32f0xx_hal_rcc.o ABSOLUTE
    C:\\Users\\ASiDesigner\\AppData\\Local\\Arm\\Packs\\Keil\\STM32F0xx_DFP\\2.0.0\\Drivers\\STM32F0xx_HAL_Driver\\Src\\stm32f0xx_hal_rcc_ex.c 0x00000000   Number         0  stm32f0xx_hal_rcc_ex.o ABSOLUTE
    RTE\CMSIS\RTX_Config.c                   0x00000000   Number         0  rtx_config.o ABSOLUTE
    RTE\Device\STM32F030K6Tx\startup_stm32f030x6.s 0x00000000   Number         0  startup_stm32f030x6.o ABSOLUTE
    RTE\Device\STM32F030K6Tx\system_stm32f0xx.c 0x00000000   Number         0  system_stm32f0xx.o ABSOLUTE
    RTE\\CMSIS\\RTX_Config.c                 0x00000000   Number         0  rtx_config.o ABSOLUTE
    RTE\\Device\\STM32F030K6Tx\\system_stm32f0xx.c 0x00000000   Number         0  system_stm32f0xx.o ABSOLUTE
    dc.s                                     0x00000000   Number         0  dc.o ABSOLUTE
    main.c                                   0x00000000   Number         0  main.o ABSOLUTE
    main.c                                   0x00000000   Number         0  main.o ABSOLUTE
    os_systick.c                             0x00000000   Number         0  os_systick.o ABSOLUTE
    rtx_delay.c                              0x00000000   Number         0  rtx_delay.o ABSOLUTE
    rtx_kernel.c                             0x00000000   Number         0  rtx_kernel.o ABSOLUTE
    rtx_memory.c                             0x00000000   Number         0  rtx_memory.o ABSOLUTE
    rtx_mempool.c                            0x00000000   Number         0  rtx_mempool.o ABSOLUTE
    rtx_msgqueue.c                           0x00000000   Number         0  rtx_msgqueue.o ABSOLUTE
    rtx_mutex.c                              0x00000000   Number         0  rtx_mutex.o ABSOLUTE
    rtx_system.c                             0x00000000   Number         0  rtx_system.o ABSOLUTE
    rtx_thread.c                             0x00000000   Number         0  rtx_thread.o ABSOLUTE
    rtx_timer.c                              0x00000000   Number         0  rtx_timer.o ABSOLUTE
    RESET                                    0x08000000   Section      176  startup_stm32f030x6.o(RESET)
    !!!main                                  0x080000b0   Section        8  __main.o(!!!main)
    !!!scatter                               0x080000b8   Section       60  __scatter.o(!!!scatter)
    !!handler_zi                             0x080000f4   Section       28  __scatter_zi.o(!!handler_zi)
    .ARM.Collect$$libinit$$00000000          0x08000110   Section        2  libinit.o(.ARM.Collect$$libinit$$00000000)
    .ARM.Collect$$libinit$$00000002          0x08000112   Section        0  libinit2.o(.ARM.Collect$$libinit$$00000002)
    .ARM.Collect$$libinit$$00000004          0x08000112   Section        0  libinit2.o(.ARM.Collect$$libinit$$00000004)
    .ARM.Collect$$libinit$$0000000A          0x08000112   Section        0  libinit2.o(.ARM.Collect$$libinit$$0000000A)
    .ARM.Collect$$libinit$$0000000C          0x08000112   Section        0  libinit2.o(.ARM.Collect$$libinit$$0000000C)
    .ARM.Collect$$libinit$$0000000E          0x08000112   Section        0  libinit2.o(.ARM.Collect$$libinit$$0000000E)
    .ARM.Collect$$libinit$$00000011          0x08000112   Section        0  libinit2.o(.ARM.Collect$$libinit$$00000011)
    .ARM.Collect$$libinit$$00000013          0x08000112   Section        0  libinit2.o(.ARM.Collect$$libinit$$00000013)
    .ARM.Collect$$libinit$$00000015          0x08000112   Section        0  libinit2.o(.ARM.Collect$$libinit$$00000015)
    .ARM.Collect$$libinit$$00000017          0x08000112   Section        0  libinit2.o(.ARM.Collect$$libinit$$00000017)
    .ARM.Collect$$libinit$$00000019          0x08000112   Section        0  libinit2.o(.ARM.Collect$$libinit$$00000019)
    .ARM.Collect$$libinit$$0000001B          0x08000112   Section        0  libinit2.o(.ARM.Collect$$libinit$$0000001B)
    .ARM.Collect$$libinit$$0000001D          0x08000112   Section        0  libinit2.o(.ARM.Collect$$libinit$$0000001D)
    .ARM.Collect$$libinit$$0000001F          0x08000112   Section        0  libinit2.o(.ARM.Collect$$libinit$$0000001F)
    .ARM.Collect$$libinit$$00000021          0x08000112   Section        0  libinit2.o(.ARM.Collect$$libinit$$00000021)
    .ARM.Collect$$libinit$$00000023          0x08000112   Section        0  libinit2.o(.ARM.Collect$$libinit$$00000023)
    .ARM.Collect$$libinit$$00000025          0x08000112   Section        0  libinit2.o(.ARM.Collect$$libinit$$00000025)
    .ARM.Collect$$libinit$$0000002C          0x08000112   Section        0  libinit2.o(.ARM.Collect$$libinit$$0000002C)
    .ARM.Collect$$libinit$$0000002E          0x08000112   Section        0  libinit2.o(.ARM.Collect$$libinit$$0000002E)
    .ARM.Collect$$libinit$$00000030          0x08000112   Section        0  libinit2.o(.ARM.Collect$$libinit$$00000030)
    .ARM.Collect$$libinit$$00000032          0x08000112   Section        0  libinit2.o(.ARM.Collect$$libinit$$00000032)
    .ARM.Collect$$libinit$$00000033          0x08000112   Section        2  libinit2.o(.ARM.Collect$$libinit$$00000033)
    .ARM.Collect$$libshutdown$$00000000      0x08000114   Section        2  libshutdown.o(.ARM.Collect$$libshutdown$$00000000)
    .ARM.Collect$$libshutdown$$00000002      0x08000116   Section        0  libshutdown2.o(.ARM.Collect$$libshutdown$$00000002)
    .ARM.Collect$$libshutdown$$00000004      0x08000116   Section        0  libshutdown2.o(.ARM.Collect$$libshutdown$$00000004)
    .ARM.Collect$$libshutdown$$00000007      0x08000116   Section        0  libshutdown2.o(.ARM.Collect$$libshutdown$$00000007)
    .ARM.Collect$$libshutdown$$0000000A      0x08000116   Section        0  libshutdown2.o(.ARM.Collect$$libshutdown$$0000000A)
    .ARM.Collect$$libshutdown$$0000000C      0x08000116   Section        0  libshutdown2.o(.ARM.Collect$$libshutdown$$0000000C)
    .ARM.Collect$$libshutdown$$0000000F      0x08000116   Section        0  libshutdown2.o(.ARM.Collect$$libshutdown$$0000000F)
    .ARM.Collect$$libshutdown$$00000010      0x08000116   Section        2  libshutdown2.o(.ARM.Collect$$libshutdown$$00000010)
    .ARM.Collect$$rtentry$$00000000          0x08000118   Section        0  __rtentry.o(.ARM.Collect$$rtentry$$00000000)
    .ARM.Collect$$rtentry$$00000002          0x08000118   Section        0  __rtentry2.o(.ARM.Collect$$rtentry$$00000002)
    .ARM.Collect$$rtentry$$00000004          0x08000118   Section        6  __rtentry4.o(.ARM.Collect$$rtentry$$00000004)
    .ARM.Collect$$rtentry$$00000008          0x0800011e   Section        8  __rtentry2.o(.ARM.Collect$$rtentry$$00000008)
    .ARM.Collect$$rtentry$$0000000A          0x08000126   Section        4  __rtentry2.o(.ARM.Collect$$rtentry$$0000000A)
    .ARM.Collect$$rtentry$$0000000C          0x0800012a   Section        0  __rtentry2.o(.ARM.Collect$$rtentry$$0000000C)
    .ARM.Collect$$rtentry$$0000000D          0x0800012a   Section        8  __rtentry2.o(.ARM.Collect$$rtentry$$0000000D)
    .ARM.Collect$$rtexit$$00000000           0x08000132   Section        2  rtexit.o(.ARM.Collect$$rtexit$$00000000)
    .ARM.Collect$$rtexit$$00000002           0x08000134   Section        0  rtexit2.o(.ARM.Collect$$rtexit$$00000002)
    .ARM.Collect$$rtexit$$00000003           0x08000134   Section        4  rtexit2.o(.ARM.Collect$$rtexit$$00000003)
    .ARM.Collect$$rtexit$$00000004           0x08000138   Section        6  rtexit2.o(.ARM.Collect$$rtexit$$00000004)
    .emb_text                                0x08000140   Section       56  rt_memcpy.o(.emb_text)
    .text                                    0x08000178   Section       56  startup_stm32f030x6.o(.text)
    .text                                    0x080001b0   Section      164  irq_cm0.o(.text)
    .text                                    0x08000254   Section        0  rt_memcpy.o(.text)
    .text                                    0x080002d6   Section        0  rt_memclr.o(.text)
    .text                                    0x08000316   Section      346  aeabi_sdiv.o(.text)
    .text                                    0x08000470   Section        0  heapauxi.o(.text)
    .text                                    0x08000476   Section       62  sys_stackheap_outer.o(.text)
    .text                                    0x080004b4   Section        0  exit.o(.text)
    .text                                    0x080004c4   Section        8  libspace.o(.text)
    .text                                    0x080004cc   Section        0  sys_exit.o(.text)
    .text                                    0x080004d8   Section        2  use_no_semi.o(.text)
    .text                                    0x080004da   Section        0  __dczerorl.o(.text)
    .text                                    0x080004da   Section        0  indicate_semi.o(.text)
    [Anonymous Symbol]                       0x08000514   Section        0  rtx_msgqueue.o(.text.MessageQueueGet)
    MessageQueueGet                          0x08000515   Thumb Code    76  rtx_msgqueue.o(.text.MessageQueueGet)
    [Anonymous Symbol]                       0x08000560   Section        0  rtx_msgqueue.o(.text.MessageQueuePut)
    MessageQueuePut                          0x08000561   Thumb Code   100  rtx_msgqueue.o(.text.MessageQueuePut)
    [Anonymous Symbol]                       0x080005c4   Section        0  rtx_msgqueue.o(.text.MessageQueueRemove)
    MessageQueueRemove                       0x080005c5   Thumb Code    30  rtx_msgqueue.o(.text.MessageQueueRemove)
    [Anonymous Symbol]                       0x080005e4   Section        0  os_systick.o(.text.OS_Tick_AcknowledgeIRQ)
    __arm_cp.3_0                             0x080005ec   Number         4  os_systick.o(.text.OS_Tick_AcknowledgeIRQ)
    [Anonymous Symbol]                       0x080005f0   Section        0  os_systick.o(.text.OS_Tick_Enable)
    __arm_cp.1_0                             0x08000610   Number         4  os_systick.o(.text.OS_Tick_Enable)
    __arm_cp.1_1                             0x08000614   Number         4  os_systick.o(.text.OS_Tick_Enable)
    __arm_cp.1_2                             0x08000618   Number         4  os_systick.o(.text.OS_Tick_Enable)
    [Anonymous Symbol]                       0x0800061c   Section        0  os_systick.o(.text.OS_Tick_GetIRQn)
    [Anonymous Symbol]                       0x08000624   Section        0  os_systick.o(.text.OS_Tick_Setup)
    __arm_cp.0_0                             0x08000660   Number         4  os_systick.o(.text.OS_Tick_Setup)
    __arm_cp.0_1                             0x08000664   Number         4  os_systick.o(.text.OS_Tick_Setup)
    __arm_cp.0_2                             0x08000668   Number         4  os_systick.o(.text.OS_Tick_Setup)
    __arm_cp.0_3                             0x0800066c   Number         4  os_systick.o(.text.OS_Tick_Setup)
    [Anonymous Symbol]                       0x08000670   Section        0  rtx_thread.o(.text.ThreadFlagsCheck)
    ThreadFlagsCheck                         0x08000671   Thumb Code    82  rtx_thread.o(.text.ThreadFlagsCheck)
    [Anonymous Symbol]                       0x080006c4   Section        0  rtx_timer.o(.text.TimerInsert)
    TimerInsert                              0x080006c5   Thumb Code    76  rtx_timer.o(.text.TimerInsert)
    __arm_cp.8_0                             0x0800070c   Number         4  rtx_timer.o(.text.TimerInsert)
    [Anonymous Symbol]                       0x08000710   Section        0  rtx_delay.o(.text.osDelay)
    __arm_cp.0_0                             0x08000734   Number         4  rtx_delay.o(.text.osDelay)
    [Anonymous Symbol]                       0x08000738   Section        0  rtx_kernel.o(.text.osKernelGetState)
    __arm_cp.4_0                             0x08000760   Number         4  rtx_kernel.o(.text.osKernelGetState)
    __arm_cp.4_1                             0x08000764   Number         4  rtx_kernel.o(.text.osKernelGetState)
    [Anonymous Symbol]                       0x08000768   Section        0  rtx_kernel.o(.text.osKernelInitialize)
    __arm_cp.1_0                             0x0800078c   Number         4  rtx_kernel.o(.text.osKernelInitialize)
    [Anonymous Symbol]                       0x08000790   Section        0  rtx_kernel.o(.text.osKernelStart)
    __arm_cp.6_0                             0x080007b0   Number         4  rtx_kernel.o(.text.osKernelStart)
    [Anonymous Symbol]                       0x080007b4   Section        0  rtx_msgqueue.o(.text.osMessageQueueGet)
    __arm_cp.3_0                             0x08000824   Number         4  rtx_msgqueue.o(.text.osMessageQueueGet)
    [Anonymous Symbol]                       0x08000828   Section        0  rtx_msgqueue.o(.text.osMessageQueueNew)
    __arm_cp.0_0                             0x08000848   Number         4  rtx_msgqueue.o(.text.osMessageQueueNew)
    [Anonymous Symbol]                       0x0800084c   Section        0  rtx_msgqueue.o(.text.osMessageQueuePut)
    __arm_cp.2_0                             0x080008c8   Number         4  rtx_msgqueue.o(.text.osMessageQueuePut)
    [Anonymous Symbol]                       0x080008cc   Section        0  rtx_mutex.o(.text.osMutexAcquire)
    __arm_cp.3_0                             0x080008f0   Number         4  rtx_mutex.o(.text.osMutexAcquire)
    [Anonymous Symbol]                       0x080008f4   Section        0  rtx_mutex.o(.text.osMutexDelete)
    __arm_cp.6_0                             0x08000918   Number         4  rtx_mutex.o(.text.osMutexDelete)
    [Anonymous Symbol]                       0x0800091c   Section        0  rtx_mutex.o(.text.osMutexNew)
    __arm_cp.1_0                             0x0800093c   Number         4  rtx_mutex.o(.text.osMutexNew)
    [Anonymous Symbol]                       0x08000940   Section        0  rtx_mutex.o(.text.osMutexRelease)
    __arm_cp.4_0                             0x08000964   Number         4  rtx_mutex.o(.text.osMutexRelease)
    [Anonymous Symbol]                       0x08000968   Section        0  rtx_kernel.o(.text.osRtxKernelPreInit)
    [Anonymous Symbol]                       0x0800096a   Section        0  rtx_memory.o(.text.osRtxMemoryAlloc)
    [Anonymous Symbol]                       0x080009e2   Section        0  rtx_memory.o(.text.osRtxMemoryFree)
    [Anonymous Symbol]                       0x08000a30   Section        0  rtx_memory.o(.text.osRtxMemoryInit)
    [Anonymous Symbol]                       0x08000a6a   Section        0  rtx_mempool.o(.text.osRtxMemoryPoolAlloc)
    [Anonymous Symbol]                       0x08000a96   Section        0  rtx_mempool.o(.text.osRtxMemoryPoolFree)
    [Anonymous Symbol]                       0x08000ad2   Section        0  rtx_mempool.o(.text.osRtxMemoryPoolInit)
    [Anonymous Symbol]                       0x08000b16   Section        0  rtx_msgqueue.o(.text.osRtxMessageQueuePostProcess)
    osRtxMessageQueuePostProcess             0x08000b17   Thumb Code   192  rtx_msgqueue.o(.text.osRtxMessageQueuePostProcess)
    [Anonymous Symbol]                       0x08000bd6   Section        0  rtx_mutex.o(.text.osRtxMutexOwnerRelease)
    [Anonymous Symbol]                       0x08000c14   Section        0  rtx_system.o(.text.osRtxPendSV_Handler)
    __arm_cp.1_0                             0x08000c90   Number         4  rtx_system.o(.text.osRtxPendSV_Handler)
    [Anonymous Symbol]                       0x08000c94   Section        0  rtx_system.o(.text.osRtxPostProcess)
    __arm_cp.2_0                             0x08000cf8   Number         4  rtx_system.o(.text.osRtxPostProcess)
    __arm_cp.2_1                             0x08000cfc   Number         4  rtx_system.o(.text.osRtxPostProcess)
    [Anonymous Symbol]                       0x08000d00   Section        0  rtx_thread.o(.text.osRtxThreadBlock)
    osRtxThreadBlock                         0x08000d01   Thumb Code    56  rtx_thread.o(.text.osRtxThreadBlock)
    __arm_cp.10_0                            0x08000d34   Number         4  rtx_thread.o(.text.osRtxThreadBlock)
    [Anonymous Symbol]                       0x08000d38   Section        0  rtx_thread.o(.text.osRtxThreadDelayInsert)
    osRtxThreadDelayInsert                   0x08000d39   Thumb Code   124  rtx_thread.o(.text.osRtxThreadDelayInsert)
    __arm_cp.14_0                            0x08000db0   Number         4  rtx_thread.o(.text.osRtxThreadDelayInsert)
    [Anonymous Symbol]                       0x08000db4   Section        0  rtx_thread.o(.text.osRtxThreadDelayRemove)
    osRtxThreadDelayRemove                   0x08000db5   Thumb Code    76  rtx_thread.o(.text.osRtxThreadDelayRemove)
    __arm_cp.12_0                            0x08000dfc   Number         4  rtx_thread.o(.text.osRtxThreadDelayRemove)
    [Anonymous Symbol]                       0x08000e00   Section        0  rtx_thread.o(.text.osRtxThreadDelayTick)
    __arm_cp.5_0                             0x08000e34   Number         4  rtx_thread.o(.text.osRtxThreadDelayTick)
    [Anonymous Symbol]                       0x08000e38   Section        0  rtx_thread.o(.text.osRtxThreadDispatch)
    __arm_cp.9_0                             0x08000e84   Number         4  rtx_thread.o(.text.osRtxThreadDispatch)
    [Anonymous Symbol]                       0x08000e88   Section        0  rtx_thread.o(.text.osRtxThreadFree)
    osRtxThreadFree                          0x08000e89   Thumb Code    80  rtx_thread.o(.text.osRtxThreadFree)
    __arm_cp.52_0                            0x08000ed4   Number         4  rtx_thread.o(.text.osRtxThreadFree)
    [Anonymous Symbol]                       0x08000ed8   Section        0  rtx_thread.o(.text.osRtxThreadListGet)
    [Anonymous Symbol]                       0x08000eec   Section        0  rtx_thread.o(.text.osRtxThreadListPut)
    [Anonymous Symbol]                       0x08000f18   Section        0  rtx_thread.o(.text.osRtxThreadListRemove)
    [Anonymous Symbol]                       0x08000f30   Section        0  rtx_thread.o(.text.osRtxThreadListSort)
    [Anonymous Symbol]                       0x08000f56   Section        0  rtx_thread.o(.text.osRtxThreadPostProcess)
    osRtxThreadPostProcess                   0x08000f57   Thumb Code    38  rtx_thread.o(.text.osRtxThreadPostProcess)
    [Anonymous Symbol]                       0x08000f7c   Section        0  rtx_thread.o(.text.osRtxThreadReadyPut)
    __arm_cp.4_0                             0x08000f90   Number         4  rtx_thread.o(.text.osRtxThreadReadyPut)
    [Anonymous Symbol]                       0x08000f94   Section        0  rtx_thread.o(.text.osRtxThreadRegPtr)
    [Anonymous Symbol]                       0x08000f9c   Section        0  rtx_thread.o(.text.osRtxThreadStackCheck)
    __arm_cp.8_0                             0x08000fc0   Number         4  rtx_thread.o(.text.osRtxThreadStackCheck)
    __arm_cp.8_1                             0x08000fc4   Number         4  rtx_thread.o(.text.osRtxThreadStackCheck)
    [Anonymous Symbol]                       0x08000fc8   Section        0  rtx_thread.o(.text.osRtxThreadStartup)
    __arm_cp.15_0                            0x08000ffc   Number         4  rtx_thread.o(.text.osRtxThreadStartup)
    __arm_cp.15_1                            0x08001000   Number         4  rtx_thread.o(.text.osRtxThreadStartup)
    __arm_cp.15_2                            0x08001004   Number         4  rtx_thread.o(.text.osRtxThreadStartup)
    __arm_cp.15_3                            0x08001008   Number         4  rtx_thread.o(.text.osRtxThreadStartup)
    [Anonymous Symbol]                       0x0800100c   Section        0  rtx_thread.o(.text.osRtxThreadSwitch)
    __arm_cp.7_0                             0x0800101c   Number         4  rtx_thread.o(.text.osRtxThreadSwitch)
    [Anonymous Symbol]                       0x08001020   Section        0  rtx_thread.o(.text.osRtxThreadWaitEnter)
    __arm_cp.13_0                            0x08001058   Number         4  rtx_thread.o(.text.osRtxThreadWaitEnter)
    [Anonymous Symbol]                       0x0800105c   Section        0  rtx_thread.o(.text.osRtxThreadWaitExit)
    [Anonymous Symbol]                       0x08001080   Section        0  rtx_system.o(.text.osRtxTick_Handler)
    __arm_cp.0_0                             0x080010f0   Number         4  rtx_system.o(.text.osRtxTick_Handler)
    [Anonymous Symbol]                       0x080010f4   Section        0  rtx_timer.o(.text.osRtxTimerThread)
    __arm_cp.0_0                             0x08001124   Number         4  rtx_timer.o(.text.osRtxTimerThread)
    __arm_cp.0_1                             0x08001128   Number         4  rtx_timer.o(.text.osRtxTimerThread)
    __arm_cp.0_2                             0x0800112c   Number         4  rtx_timer.o(.text.osRtxTimerThread)
    [Anonymous Symbol]                       0x08001130   Section        0  rtx_timer.o(.text.osRtxTimerTick)
    osRtxTimerTick                           0x08001131   Thumb Code    96  rtx_timer.o(.text.osRtxTimerTick)
    __arm_cp.1_0                             0x0800118c   Number         4  rtx_timer.o(.text.osRtxTimerTick)
    [Anonymous Symbol]                       0x08001190   Section        0  rtx_thread.o(.text.osThreadExit)
    __arm_cp.31_0                            0x08001198   Number         4  rtx_thread.o(.text.osThreadExit)
    [Anonymous Symbol]                       0x0800119c   Section        0  rtx_thread.o(.text.osThreadNew)
    __arm_cp.17_0                            0x080011bc   Number         4  rtx_thread.o(.text.osThreadNew)
    [Anonymous Symbol]                       0x080011c0   Section        0  rtx_delay.o(.text.svcRtxDelay)
    svcRtxDelay                              0x080011c1   Thumb Code    18  rtx_delay.o(.text.svcRtxDelay)
    [Anonymous Symbol]                       0x080011d4   Section        0  rtx_kernel.o(.text.svcRtxKernelGetState)
    svcRtxKernelGetState                     0x080011d5   Thumb Code    12  rtx_kernel.o(.text.svcRtxKernelGetState)
    __arm_cp.5_0                             0x080011dc   Number         4  rtx_kernel.o(.text.svcRtxKernelGetState)
    [Anonymous Symbol]                       0x080011e0   Section        0  rtx_kernel.o(.text.svcRtxKernelInitialize)
    svcRtxKernelInitialize                   0x080011e1   Thumb Code   324  rtx_kernel.o(.text.svcRtxKernelInitialize)
    __arm_cp.20_0                            0x08001318   Number         4  rtx_kernel.o(.text.svcRtxKernelInitialize)
    __arm_cp.20_1                            0x0800131c   Number         4  rtx_kernel.o(.text.svcRtxKernelInitialize)
    __arm_cp.20_2                            0x08001320   Number         4  rtx_kernel.o(.text.svcRtxKernelInitialize)
    [Anonymous Symbol]                       0x08001324   Section        0  rtx_kernel.o(.text.svcRtxKernelStart)
    svcRtxKernelStart                        0x08001325   Thumb Code   132  rtx_kernel.o(.text.svcRtxKernelStart)
    __arm_cp.21_0                            0x08001398   Number         4  rtx_kernel.o(.text.svcRtxKernelStart)
    __arm_cp.21_1                            0x0800139c   Number         4  rtx_kernel.o(.text.svcRtxKernelStart)
    __arm_cp.21_2                            0x080013a0   Number         4  rtx_kernel.o(.text.svcRtxKernelStart)
    __arm_cp.21_3                            0x080013a4   Number         4  rtx_kernel.o(.text.svcRtxKernelStart)
    [Anonymous Symbol]                       0x080013a8   Section        0  rtx_msgqueue.o(.text.svcRtxMessageQueueGet)
    svcRtxMessageQueueGet                    0x080013a9   Thumb Code   236  rtx_msgqueue.o(.text.svcRtxMessageQueueGet)
    __arm_cp.21_0                            0x08001490   Number         4  rtx_msgqueue.o(.text.svcRtxMessageQueueGet)
    [Anonymous Symbol]                       0x08001494   Section        0  rtx_msgqueue.o(.text.svcRtxMessageQueueNew)
    svcRtxMessageQueueNew                    0x08001495   Thumb Code   460  rtx_msgqueue.o(.text.svcRtxMessageQueueNew)
    __arm_cp.14_0                            0x08001648   Number         4  rtx_msgqueue.o(.text.svcRtxMessageQueueNew)
    __arm_cp.14_1                            0x0800164c   Number         4  rtx_msgqueue.o(.text.svcRtxMessageQueueNew)
    __arm_cp.14_2                            0x08001650   Number         4  rtx_msgqueue.o(.text.svcRtxMessageQueueNew)
    __arm_cp.14_3                            0x08001654   Number         4  rtx_msgqueue.o(.text.svcRtxMessageQueueNew)
    __arm_cp.14_4                            0x08001658   Number         4  rtx_msgqueue.o(.text.svcRtxMessageQueueNew)
    __arm_cp.14_5                            0x0800165c   Number         4  rtx_msgqueue.o(.text.svcRtxMessageQueueNew)
    [Anonymous Symbol]                       0x08001660   Section        0  rtx_msgqueue.o(.text.svcRtxMessageQueuePut)
    svcRtxMessageQueuePut                    0x08001661   Thumb Code   212  rtx_msgqueue.o(.text.svcRtxMessageQueuePut)
    __arm_cp.19_0                            0x08001730   Number         4  rtx_msgqueue.o(.text.svcRtxMessageQueuePut)
    [Anonymous Symbol]                       0x08001734   Section        0  rtx_mutex.o(.text.svcRtxMutexAcquire)
    svcRtxMutexAcquire                       0x08001735   Thumb Code   160  rtx_mutex.o(.text.svcRtxMutexAcquire)
    __arm_cp.9_0                             0x080017d0   Number         4  rtx_mutex.o(.text.svcRtxMutexAcquire)
    [Anonymous Symbol]                       0x080017d4   Section        0  rtx_mutex.o(.text.svcRtxMutexDelete)
    svcRtxMutexDelete                        0x080017d5   Thumb Code   192  rtx_mutex.o(.text.svcRtxMutexDelete)
    __arm_cp.12_0                            0x08001890   Number         4  rtx_mutex.o(.text.svcRtxMutexDelete)
    [Anonymous Symbol]                       0x08001894   Section        0  rtx_mutex.o(.text.svcRtxMutexNew)
    svcRtxMutexNew                           0x08001895   Thumb Code   116  rtx_mutex.o(.text.svcRtxMutexNew)
    __arm_cp.7_0                             0x08001904   Number         4  rtx_mutex.o(.text.svcRtxMutexNew)
    [Anonymous Symbol]                       0x08001908   Section        0  rtx_mutex.o(.text.svcRtxMutexRelease)
    svcRtxMutexRelease                       0x08001909   Thumb Code   188  rtx_mutex.o(.text.svcRtxMutexRelease)
    __arm_cp.10_0                            0x080019c0   Number         4  rtx_mutex.o(.text.svcRtxMutexRelease)
    [Anonymous Symbol]                       0x080019c4   Section        0  rtx_thread.o(.text.svcRtxThreadExit)
    svcRtxThreadExit                         0x080019c5   Thumb Code   116  rtx_thread.o(.text.svcRtxThreadExit)
    __arm_cp.54_0                            0x08001a34   Number         4  rtx_thread.o(.text.svcRtxThreadExit)
    [Anonymous Symbol]                       0x08001a38   Section        0  rtx_thread.o(.text.svcRtxThreadNew)
    svcRtxThreadNew                          0x08001a39   Thumb Code   512  rtx_thread.o(.text.svcRtxThreadNew)
    __arm_cp.16_0                            0x08001c20   Number         4  rtx_thread.o(.text.svcRtxThreadNew)
    __arm_cp.16_1                            0x08001c24   Number         4  rtx_thread.o(.text.svcRtxThreadNew)
    __arm_cp.16_2                            0x08001c28   Number         4  rtx_thread.o(.text.svcRtxThreadNew)
    __arm_cp.16_3                            0x08001c2c   Number         4  rtx_thread.o(.text.svcRtxThreadNew)
    __arm_cp.16_4                            0x08001c30   Number         4  rtx_thread.o(.text.svcRtxThreadNew)
    __arm_cp.16_5                            0x08001c34   Number         4  rtx_thread.o(.text.svcRtxThreadNew)
    i.HAL_GPIO_Init                          0x08001c38   Section        0  stm32f0xx_hal_gpio.o(i.HAL_GPIO_Init)
    i.HAL_GPIO_WritePin                      0x08001e28   Section        0  stm32f0xx_hal_gpio.o(i.HAL_GPIO_WritePin)
    i.HAL_Init                               0x08001e34   Section        0  stm32f0xx_hal.o(i.HAL_Init)
    i.HAL_InitTick                           0x08001e54   Section        0  stm32f0xx_hal.o(i.HAL_InitTick)
    i.HAL_MspInit                            0x08001e7a   Section        0  stm32f0xx_hal.o(i.HAL_MspInit)
    i.HAL_NVIC_SetPriority                   0x08001e7c   Section        0  stm32f0xx_hal_cortex.o(i.HAL_NVIC_SetPriority)
    i.HAL_RCC_GetHCLKFreq                    0x08001e90   Section        0  stm32f0xx_hal_rcc.o(i.HAL_RCC_GetHCLKFreq)
    i.HAL_SYSTICK_Config                     0x08001e9c   Section        0  stm32f0xx_hal_cortex.o(i.HAL_SYSTICK_Config)
    i.MX_GPIO_Init                           0x08001ed4   Section        0  main.o(i.MX_GPIO_Init)
    MX_GPIO_Init                             0x08001ed5   Thumb Code    80  main.o(i.MX_GPIO_Init)
    i.SystemCoreClockUpdate                  0x08001f2c   Section        0  system_stm32f0xx.o(i.SystemCoreClockUpdate)
    i.SystemInit                             0x08001fdc   Section        0  system_stm32f0xx.o(i.SystemInit)
    i.TaskB                                  0x08002050   Section        0  main.o(i.TaskB)
    i.TaskC                                  0x08002078   Section        0  main.o(i.TaskC)
    i.__ARM_common_switch8                   0x080020a0   Section        0  rtx_config.o(i.__ARM_common_switch8)
    i.__NVIC_SetPriority                     0x080020bc   Section        0  stm32f0xx_hal_cortex.o(i.__NVIC_SetPriority)
    __NVIC_SetPriority                       0x080020bd   Thumb Code   110  stm32f0xx_hal_cortex.o(i.__NVIC_SetPriority)
    i._mutex_acquire                         0x08002134   Section        0  rtx_lib.o(i._mutex_acquire)
    __tagsym$$used                           0x08002135   Number         0  rtx_lib.o(i._mutex_acquire)
    i._mutex_free                            0x0800214c   Section        0  rtx_lib.o(i._mutex_free)
    __tagsym$$used                           0x0800214d   Number         0  rtx_lib.o(i._mutex_free)
    i._mutex_initialize                      0x08002158   Section        0  rtx_lib.o(i._mutex_initialize)
    __tagsym$$used                           0x08002159   Number         0  rtx_lib.o(i._mutex_initialize)
    i._mutex_release                         0x0800217c   Section        0  rtx_lib.o(i._mutex_release)
    __tagsym$$used                           0x0800217d   Number         0  rtx_lib.o(i._mutex_release)
    i._platform_post_stackheap_init          0x08002190   Section        0  rtx_lib.o(i._platform_post_stackheap_init)
    i.app_main                               0x08002198   Section        0  main.o(i.app_main)
    i.main                                   0x080021c4   Section        0  main.o(i.main)
    i.osRtxErrorNotify                       0x08002208   Section        0  rtx_config.o(i.osRtxErrorNotify)
    i.osRtxIdleThread                        0x08002228   Section        0  rtx_config.o(i.osRtxIdleThread)
    i.os_kernel_is_active                    0x0800222c   Section        0  rtx_lib.o(i.os_kernel_is_active)
    os_kernel_is_active                      0x0800222d   Thumb Code    30  rtx_lib.o(i.os_kernel_is_active)
    .constdata                               0x08002250   Section      100  rtx_lib.o(.constdata)
    os_idle_thread_attr                      0x08002250   Data          36  rtx_lib.o(.constdata)
    os_timer_thread_attr                     0x08002274   Data          36  rtx_lib.o(.constdata)
    os_timer_mq_attr                         0x08002298   Data          24  rtx_lib.o(.constdata)
    .constdata                               0x080022b4   Section       24  system_stm32f0xx.o(.constdata)
    .constdata                               0x080022cc   Section        1  irq_cm0.o(.constdata)
    .rodata                                  0x080022d0   Section      104  rtx_lib.o(.rodata)
    __tagsym$$used                           0x080022d0   Number         0  rtx_lib.o(.rodata)
    [Anonymous Symbol]                       0x08002338   Section        0  rtx_kernel.o(.rodata.str1.4)
    .L.str                                   0x08002338   Data          11  rtx_kernel.o(.rodata.str1.4)
    .bss.os                                  0x20000000   Section     1344  rtx_lib.o(.bss.os)
    os_mem                                   0x20000000   Data        1280  rtx_lib.o(.bss.os)
    os_isr_queue                             0x20000500   Data          64  rtx_lib.o(.bss.os)
    .bss.os.msgqueue.cb                      0x20000540   Section       52  rtx_lib.o(.bss.os.msgqueue.cb)
    os_timer_mq_cb                           0x20000540   Data          52  rtx_lib.o(.bss.os.msgqueue.cb)
    .bss.os.msgqueue.mem                     0x20000574   Section       80  rtx_lib.o(.bss.os.msgqueue.mem)
    os_timer_mq_data                         0x20000574   Data          80  rtx_lib.o(.bss.os.msgqueue.mem)
    .bss.os.thread.cb                        0x200005c4   Section      136  rtx_lib.o(.bss.os.thread.cb)
    os_idle_thread_cb                        0x200005c4   Data          68  rtx_lib.o(.bss.os.thread.cb)
    os_timer_thread_cb                       0x20000608   Data          68  rtx_lib.o(.bss.os.thread.cb)
    .bss.os.thread.stack                     0x20000650   Section      512  rtx_lib.o(.bss.os.thread.stack)
    os_idle_thread_stack                     0x20000650   Data         256  rtx_lib.o(.bss.os.thread.stack)
    os_timer_thread_stack                    0x20000750   Data         256  rtx_lib.o(.bss.os.thread.stack)
    .data                                    0x20000850   Section        5  rtx_lib.o(.data)
    os_kernel_active                         0x20000854   Data           1  rtx_lib.o(.data)
    .data                                    0x20000858   Section        4  system_stm32f0xx.o(.data)
    .bss                                     0x20000900   Section       96  libspace.o(.bss)
    [Anonymous Symbol]                       0x20000960   Section        0  os_systick.o(.bss.PendST)
    PendST                                   0x20000960   Data           1  os_systick.o(.bss.PendST)
    HEAP                                     0x20000968   Section      512  startup_stm32f030x6.o(HEAP)
    Heap_Mem                                 0x20000968   Data         512  startup_stm32f030x6.o(HEAP)
    STACK                                    0x20000b68   Section     1024  startup_stm32f030x6.o(STACK)
    Stack_Mem                                0x20000b68   Data        1024  startup_stm32f030x6.o(STACK)
    __initial_sp                             0x20000f68   Data           0  startup_stm32f030x6.o(STACK)

    Global Symbols

    Symbol Name                              Value     Ov Type        Size  Object(Section)

    BuildAttributes$$THM_ISAv3M$S$PE$A:L22$X:L11$S22$IEEE1$IW$~IW$USESV6$~STKCKD$USESV7$~SHL$OSPACE$ROPI$EBA8$UX$STANDARDLIB$REQ8$PRES8$EABIv2 0x00000000   Number         0  anon$$obj.o ABSOLUTE
    __ARM_use_no_argv                        0x00000000   Number         0  main.o ABSOLUTE
    .bss.os.evflags.cb$$Base                  - Undefined Weak Reference
    .bss.os.evflags.cb$$Limit                 - Undefined Weak Reference
    .bss.os.mempool.cb$$Base                  - Undefined Weak Reference
    .bss.os.mempool.cb$$Limit                 - Undefined Weak Reference
    .bss.os.mutex.cb$$Base                    - Undefined Weak Reference
    .bss.os.mutex.cb$$Limit                   - Undefined Weak Reference
    .bss.os.semaphore.cb$$Base                - Undefined Weak Reference
    .bss.os.semaphore.cb$$Limit               - Undefined Weak Reference
    .bss.os.timer.cb$$Base                    - Undefined Weak Reference
    .bss.os.timer.cb$$Limit                   - Undefined Weak Reference
    __ARM_exceptions_init                     - Undefined Weak Reference
    __alloca_initialize                       - Undefined Weak Reference
    __arm_preinit_                            - Undefined Weak Reference
    __cpp_initialize__aeabi_                  - Undefined Weak Reference
    __cxa_finalize                            - Undefined Weak Reference
    __rt_locale                               - Undefined Weak Reference
    __sigvec_lookup                           - Undefined Weak Reference
    _atexit_init                              - Undefined Weak Reference
    _call_atexit_fns                          - Undefined Weak Reference
    _clock_init                               - Undefined Weak Reference
    _fp_trap_init                             - Undefined Weak Reference
    _fp_trap_shutdown                         - Undefined Weak Reference
    _get_lc_collate                           - Undefined Weak Reference
    _get_lc_ctype                             - Undefined Weak Reference
    _get_lc_monetary                          - Undefined Weak Reference
    _get_lc_numeric                           - Undefined Weak Reference
    _get_lc_time                              - Undefined Weak Reference
    _getenv_init                              - Undefined Weak Reference
    _handle_redirection                       - Undefined Weak Reference
    _init_alloc                               - Undefined Weak Reference
    _init_user_alloc                          - Undefined Weak Reference
    _initio                                   - Undefined Weak Reference
    _rand_init                                - Undefined Weak Reference
    _signal_finish                            - Undefined Weak Reference
    _signal_init                              - Undefined Weak Reference
    _terminate_alloc                          - Undefined Weak Reference
    _terminate_user_alloc                     - Undefined Weak Reference
    _terminateio                              - Undefined Weak Reference
    __Vectors_Size                           0x000000b0   Number         0  startup_stm32f030x6.o ABSOLUTE
    __Vectors                                0x08000000   Data           4  startup_stm32f030x6.o(RESET)
    __Vectors_End                            0x080000b0   Data           0  startup_stm32f030x6.o(RESET)
    __main                                   0x080000b1   Thumb Code     8  __main.o(!!!main)
    __scatterload                            0x080000b9   Thumb Code     0  __scatter.o(!!!scatter)
    __scatterload_rt2                        0x080000b9   Thumb Code    52  __scatter.o(!!!scatter)
    __scatterload_rt2_thumb_only             0x080000b9   Thumb Code     0  __scatter.o(!!!scatter)
    __scatterload_null                       0x080000c9   Thumb Code     0  __scatter.o(!!!scatter)
    __scatterload_zeroinit                   0x080000f5   Thumb Code    28  __scatter_zi.o(!!handler_zi)
    __rt_lib_init                            0x08000111   Thumb Code     0  libinit.o(.ARM.Collect$$libinit$$00000000)
    __rt_lib_init_alloca_1                   0x08000113   Thumb Code     0  libinit2.o(.ARM.Collect$$libinit$$0000002E)
    __rt_lib_init_argv_1                     0x08000113   Thumb Code     0  libinit2.o(.ARM.Collect$$libinit$$0000002C)
    __rt_lib_init_atexit_1                   0x08000113   Thumb Code     0  libinit2.o(.ARM.Collect$$libinit$$0000001B)
    __rt_lib_init_clock_1                    0x08000113   Thumb Code     0  libinit2.o(.ARM.Collect$$libinit$$00000021)
    __rt_lib_init_cpp_1                      0x08000113   Thumb Code     0  libinit2.o(.ARM.Collect$$libinit$$00000032)
    __rt_lib_init_exceptions_1               0x08000113   Thumb Code     0  libinit2.o(.ARM.Collect$$libinit$$00000030)
    __rt_lib_init_fp_1                       0x08000113   Thumb Code     0  libinit2.o(.ARM.Collect$$libinit$$00000002)
    __rt_lib_init_fp_trap_1                  0x08000113   Thumb Code     0  libinit2.o(.ARM.Collect$$libinit$$0000001F)
    __rt_lib_init_getenv_1                   0x08000113   Thumb Code     0  libinit2.o(.ARM.Collect$$libinit$$00000023)
    __rt_lib_init_heap_1                     0x08000113   Thumb Code     0  libinit2.o(.ARM.Collect$$libinit$$0000000A)
    __rt_lib_init_lc_collate_1               0x08000113   Thumb Code     0  libinit2.o(.ARM.Collect$$libinit$$00000011)
    __rt_lib_init_lc_ctype_1                 0x08000113   Thumb Code     0  libinit2.o(.ARM.Collect$$libinit$$00000013)
    __rt_lib_init_lc_monetary_1              0x08000113   Thumb Code     0  libinit2.o(.ARM.Collect$$libinit$$00000015)
    __rt_lib_init_lc_numeric_1               0x08000113   Thumb Code     0  libinit2.o(.ARM.Collect$$libinit$$00000017)
    __rt_lib_init_lc_time_1                  0x08000113   Thumb Code     0  libinit2.o(.ARM.Collect$$libinit$$00000019)
    __rt_lib_init_preinit_1                  0x08000113   Thumb Code     0  libinit2.o(.ARM.Collect$$libinit$$00000004)
    __rt_lib_init_rand_1                     0x08000113   Thumb Code     0  libinit2.o(.ARM.Collect$$libinit$$0000000E)
    __rt_lib_init_return                     0x08000113   Thumb Code     0  libinit2.o(.ARM.Collect$$libinit$$00000033)
    __rt_lib_init_signal_1                   0x08000113   Thumb Code     0  libinit2.o(.ARM.Collect$$libinit$$0000001D)
    __rt_lib_init_stdio_1                    0x08000113   Thumb Code     0  libinit2.o(.ARM.Collect$$libinit$$00000025)
    __rt_lib_init_user_alloc_1               0x08000113   Thumb Code     0  libinit2.o(.ARM.Collect$$libinit$$0000000C)
    __rt_lib_shutdown                        0x08000115   Thumb Code     0  libshutdown.o(.ARM.Collect$$libshutdown$$00000000)
    __rt_lib_shutdown_cpp_1                  0x08000117   Thumb Code     0  libshutdown2.o(.ARM.Collect$$libshutdown$$00000002)
    __rt_lib_shutdown_fp_trap_1              0x08000117   Thumb Code     0  libshutdown2.o(.ARM.Collect$$libshutdown$$00000007)
    __rt_lib_shutdown_heap_1                 0x08000117   Thumb Code     0  libshutdown2.o(.ARM.Collect$$libshutdown$$0000000F)
    __rt_lib_shutdown_return                 0x08000117   Thumb Code     0  libshutdown2.o(.ARM.Collect$$libshutdown$$00000010)
    __rt_lib_shutdown_signal_1               0x08000117   Thumb Code     0  libshutdown2.o(.ARM.Collect$$libshutdown$$0000000A)
    __rt_lib_shutdown_stdio_1                0x08000117   Thumb Code     0  libshutdown2.o(.ARM.Collect$$libshutdown$$00000004)
    __rt_lib_shutdown_user_alloc_1           0x08000117   Thumb Code     0  libshutdown2.o(.ARM.Collect$$libshutdown$$0000000C)
    __rt_entry                               0x08000119   Thumb Code     0  __rtentry.o(.ARM.Collect$$rtentry$$00000000)
    __rt_entry_presh_1                       0x08000119   Thumb Code     0  __rtentry2.o(.ARM.Collect$$rtentry$$00000002)
    __rt_entry_sh                            0x08000119   Thumb Code     0  __rtentry4.o(.ARM.Collect$$rtentry$$00000004)
    __rt_entry_postsh_1                      0x0800011f   Thumb Code     0  __rtentry2.o(.ARM.Collect$$rtentry$$00000008)
    __rt_entry_li                            0x08000127   Thumb Code     0  __rtentry2.o(.ARM.Collect$$rtentry$$0000000A)
    __rt_entry_main                          0x0800012b   Thumb Code     0  __rtentry2.o(.ARM.Collect$$rtentry$$0000000D)
    __rt_entry_postli_1                      0x0800012b   Thumb Code     0  __rtentry2.o(.ARM.Collect$$rtentry$$0000000C)
    __rt_exit                                0x08000133   Thumb Code     0  rtexit.o(.ARM.Collect$$rtexit$$00000000)
    __rt_exit_ls                             0x08000135   Thumb Code     0  rtexit2.o(.ARM.Collect$$rtexit$$00000003)
    __rt_exit_prels_1                        0x08000135   Thumb Code     0  rtexit2.o(.ARM.Collect$$rtexit$$00000002)
    __rt_exit_exit                           0x08000139   Thumb Code     0  rtexit2.o(.ARM.Collect$$rtexit$$00000004)
    __aeabi_memcpy4                          0x08000141   Thumb Code    56  rt_memcpy.o(.emb_text)
    __aeabi_memcpy8                          0x08000141   Thumb Code     0  rt_memcpy.o(.emb_text)
    Reset_Handler                            0x08000179   Thumb Code     8  startup_stm32f030x6.o(.text)
    NMI_Handler                              0x08000181   Thumb Code     2  startup_stm32f030x6.o(.text)
    HardFault_Handler                        0x08000183   Thumb Code     2  startup_stm32f030x6.o(.text)
    ADC1_IRQHandler                          0x0800018b   Thumb Code     0  startup_stm32f030x6.o(.text)
    DMA1_Channel1_IRQHandler                 0x0800018b   Thumb Code     0  startup_stm32f030x6.o(.text)
    DMA1_Channel2_3_IRQHandler               0x0800018b   Thumb Code     0  startup_stm32f030x6.o(.text)
    DMA1_Channel4_5_IRQHandler               0x0800018b   Thumb Code     0  startup_stm32f030x6.o(.text)
    EXTI0_1_IRQHandler                       0x0800018b   Thumb Code     0  startup_stm32f030x6.o(.text)
    EXTI2_3_IRQHandler                       0x0800018b   Thumb Code     0  startup_stm32f030x6.o(.text)
    EXTI4_15_IRQHandler                      0x0800018b   Thumb Code     0  startup_stm32f030x6.o(.text)
    FLASH_IRQHandler                         0x0800018b   Thumb Code     0  startup_stm32f030x6.o(.text)
    I2C1_IRQHandler                          0x0800018b   Thumb Code     0  startup_stm32f030x6.o(.text)
    RCC_IRQHandler                           0x0800018b   Thumb Code     0  startup_stm32f030x6.o(.text)
    RTC_IRQHandler                           0x0800018b   Thumb Code     0  startup_stm32f030x6.o(.text)
    SPI1_IRQHandler                          0x0800018b   Thumb Code     0  startup_stm32f030x6.o(.text)
    TIM14_IRQHandler                         0x0800018b   Thumb Code     0  startup_stm32f030x6.o(.text)
    TIM16_IRQHandler                         0x0800018b   Thumb Code     0  startup_stm32f030x6.o(.text)
    TIM17_IRQHandler                         0x0800018b   Thumb Code     0  startup_stm32f030x6.o(.text)
    TIM1_BRK_UP_TRG_COM_IRQHandler           0x0800018b   Thumb Code     0  startup_stm32f030x6.o(.text)
    TIM1_CC_IRQHandler                       0x0800018b   Thumb Code     0  startup_stm32f030x6.o(.text)
    TIM3_IRQHandler                          0x0800018b   Thumb Code     0  startup_stm32f030x6.o(.text)
    USART1_IRQHandler                        0x0800018b   Thumb Code     0  startup_stm32f030x6.o(.text)
    WWDG_IRQHandler                          0x0800018b   Thumb Code     0  startup_stm32f030x6.o(.text)
    __user_initial_stackheap                 0x0800018d   Thumb Code     0  startup_stm32f030x6.o(.text)
    SVC_Handler                              0x080001b1   Thumb Code   132  irq_cm0.o(.text)
    PendSV_Handler                           0x08000235   Thumb Code    12  irq_cm0.o(.text)
    SysTick_Handler                          0x08000241   Thumb Code    12  irq_cm0.o(.text)
    __aeabi_memcpy                           0x08000255   Thumb Code   130  rt_memcpy.o(.text)
    __rt_memcpy                              0x08000255   Thumb Code     0  rt_memcpy.o(.text)
    _memset_w                                0x080002d7   Thumb Code    26  rt_memclr.o(.text)
    _memset                                  0x080002f1   Thumb Code    30  rt_memclr.o(.text)
    __aeabi_memclr                           0x0800030f   Thumb Code     4  rt_memclr.o(.text)
    __rt_memclr                              0x0800030f   Thumb Code     0  rt_memclr.o(.text)
    __aeabi_memclr4                          0x08000313   Thumb Code     0  rt_memclr.o(.text)
    __aeabi_memclr8                          0x08000313   Thumb Code     0  rt_memclr.o(.text)
    __rt_memclr_w                            0x08000313   Thumb Code     4  rt_memclr.o(.text)
    __aeabi_uidiv                            0x08000317   Thumb Code     0  aeabi_sdiv.o(.text)
    __aeabi_uidivmod                         0x08000317   Thumb Code    20  aeabi_sdiv.o(.text)
    __aeabi_idiv                             0x0800032b   Thumb Code     0  aeabi_sdiv.o(.text)
    __aeabi_idivmod                          0x0800032b   Thumb Code   326  aeabi_sdiv.o(.text)
    __use_two_region_memory                  0x08000471   Thumb Code     2  heapauxi.o(.text)
    __rt_heap_escrow$2region                 0x08000473   Thumb Code     2  heapauxi.o(.text)
    __rt_heap_expand$2region                 0x08000475   Thumb Code     2  heapauxi.o(.text)
    __user_setup_stackheap                   0x08000477   Thumb Code    62  sys_stackheap_outer.o(.text)
    exit                                     0x080004b5   Thumb Code    16  exit.o(.text)
    __user_libspace                          0x080004c5   Thumb Code     8  libspace.o(.text)
    __user_perproc_libspace                  0x080004c5   Thumb Code     0  libspace.o(.text)
    _sys_exit                                0x080004cd   Thumb Code     8  sys_exit.o(.text)
    __I$use$semihosting                      0x080004d9   Thumb Code     0  use_no_semi.o(.text)
    __use_no_semihosting_swi                 0x080004d9   Thumb Code     2  use_no_semi.o(.text)
    __decompress                             0x080004db   Thumb Code     0  __dczerorl.o(.text)
    __decompress0                            0x080004db   Thumb Code    58  __dczerorl.o(.text)
    __semihosting_library_function           0x080004db   Thumb Code     0  indicate_semi.o(.text)
    OS_Tick_AcknowledgeIRQ                   0x080005e5   Thumb Code    12  os_systick.o(.text.OS_Tick_AcknowledgeIRQ)
    OS_Tick_Enable                           0x080005f1   Thumb Code    44  os_systick.o(.text.OS_Tick_Enable)
    OS_Tick_GetIRQn                          0x0800061d   Thumb Code     6  os_systick.o(.text.OS_Tick_GetIRQn)
    OS_Tick_Setup                            0x08000625   Thumb Code    76  os_systick.o(.text.OS_Tick_Setup)
    osDelay                                  0x08000711   Thumb Code    40  rtx_delay.o(.text.osDelay)
    osKernelGetState                         0x08000739   Thumb Code    48  rtx_kernel.o(.text.osKernelGetState)
    osKernelInitialize                       0x08000769   Thumb Code    40  rtx_kernel.o(.text.osKernelInitialize)
    osKernelStart                            0x08000791   Thumb Code    36  rtx_kernel.o(.text.osKernelStart)
    osMessageQueueGet                        0x080007b5   Thumb Code   116  rtx_msgqueue.o(.text.osMessageQueueGet)
    osMessageQueueNew                        0x08000829   Thumb Code    36  rtx_msgqueue.o(.text.osMessageQueueNew)
    osMessageQueuePut                        0x0800084d   Thumb Code   128  rtx_msgqueue.o(.text.osMessageQueuePut)
    osMutexAcquire                           0x080008cd   Thumb Code    40  rtx_mutex.o(.text.osMutexAcquire)
    osMutexDelete                            0x080008f5   Thumb Code    40  rtx_mutex.o(.text.osMutexDelete)
    osMutexNew                               0x0800091d   Thumb Code    36  rtx_mutex.o(.text.osMutexNew)
    osMutexRelease                           0x08000941   Thumb Code    40  rtx_mutex.o(.text.osMutexRelease)
    osRtxKernelPreInit                       0x08000969   Thumb Code     2  rtx_kernel.o(.text.osRtxKernelPreInit)
    osRtxMemoryAlloc                         0x0800096b   Thumb Code   120  rtx_memory.o(.text.osRtxMemoryAlloc)
    osRtxMemoryFree                          0x080009e3   Thumb Code    78  rtx_memory.o(.text.osRtxMemoryFree)
    osRtxMemoryInit                          0x08000a31   Thumb Code    58  rtx_memory.o(.text.osRtxMemoryInit)
    osRtxMemoryPoolAlloc                     0x08000a6b   Thumb Code    44  rtx_mempool.o(.text.osRtxMemoryPoolAlloc)
    osRtxMemoryPoolFree                      0x08000a97   Thumb Code    60  rtx_mempool.o(.text.osRtxMemoryPoolFree)
    osRtxMemoryPoolInit                      0x08000ad3   Thumb Code    68  rtx_mempool.o(.text.osRtxMemoryPoolInit)
    osRtxMutexOwnerRelease                   0x08000bd7   Thumb Code    62  rtx_mutex.o(.text.osRtxMutexOwnerRelease)
    osRtxPendSV_Handler                      0x08000c15   Thumb Code   128  rtx_system.o(.text.osRtxPendSV_Handler)
    osRtxPostProcess                         0x08000c95   Thumb Code   108  rtx_system.o(.text.osRtxPostProcess)
    osRtxThreadDelayTick                     0x08000e01   Thumb Code    56  rtx_thread.o(.text.osRtxThreadDelayTick)
    osRtxThreadDispatch                      0x08000e39   Thumb Code    80  rtx_thread.o(.text.osRtxThreadDispatch)
    osRtxThreadListGet                       0x08000ed9   Thumb Code    20  rtx_thread.o(.text.osRtxThreadListGet)
    osRtxThreadListPut                       0x08000eed   Thumb Code    44  rtx_thread.o(.text.osRtxThreadListPut)
    osRtxThreadListRemove                    0x08000f19   Thumb Code    24  rtx_thread.o(.text.osRtxThreadListRemove)
    osRtxThreadListSort                      0x08000f31   Thumb Code    38  rtx_thread.o(.text.osRtxThreadListSort)
    osRtxThreadReadyPut                      0x08000f7d   Thumb Code    24  rtx_thread.o(.text.osRtxThreadReadyPut)
    osRtxThreadRegPtr                        0x08000f95   Thumb Code     6  rtx_thread.o(.text.osRtxThreadRegPtr)
    osRtxThreadStackCheck                    0x08000f9d   Thumb Code    44  rtx_thread.o(.text.osRtxThreadStackCheck)
    osRtxThreadStartup                       0x08000fc9   Thumb Code    68  rtx_thread.o(.text.osRtxThreadStartup)
    osRtxThreadSwitch                        0x0800100d   Thumb Code    20  rtx_thread.o(.text.osRtxThreadSwitch)
    osRtxThreadWaitEnter                     0x08001021   Thumb Code    60  rtx_thread.o(.text.osRtxThreadWaitEnter)
    osRtxThreadWaitExit                      0x0800105d   Thumb Code    34  rtx_thread.o(.text.osRtxThreadWaitExit)
    osRtxTick_Handler                        0x08001081   Thumb Code   116  rtx_system.o(.text.osRtxTick_Handler)
    osRtxTimerThread                         0x080010f5   Thumb Code    60  rtx_timer.o(.text.osRtxTimerThread)
    osThreadExit                             0x08001191   Thumb Code    12  rtx_thread.o(.text.osThreadExit)
    osThreadNew                              0x0800119d   Thumb Code    36  rtx_thread.o(.text.osThreadNew)
    HAL_GPIO_Init                            0x08001c39   Thumb Code   470  stm32f0xx_hal_gpio.o(i.HAL_GPIO_Init)
    HAL_GPIO_WritePin                        0x08001e29   Thumb Code    12  stm32f0xx_hal_gpio.o(i.HAL_GPIO_WritePin)
    HAL_Init                                 0x08001e35   Thumb Code    28  stm32f0xx_hal.o(i.HAL_Init)
    HAL_InitTick                             0x08001e55   Thumb Code    38  stm32f0xx_hal.o(i.HAL_InitTick)
    HAL_MspInit                              0x08001e7b   Thumb Code     2  stm32f0xx_hal.o(i.HAL_MspInit)
    HAL_NVIC_SetPriority                     0x08001e7d   Thumb Code    18  stm32f0xx_hal_cortex.o(i.HAL_NVIC_SetPriority)
    HAL_RCC_GetHCLKFreq                      0x08001e91   Thumb Code     6  stm32f0xx_hal_rcc.o(i.HAL_RCC_GetHCLKFreq)
    HAL_SYSTICK_Config                       0x08001e9d   Thumb Code    46  stm32f0xx_hal_cortex.o(i.HAL_SYSTICK_Config)
    SystemCoreClockUpdate                    0x08001f2d   Thumb Code   156  system_stm32f0xx.o(i.SystemCoreClockUpdate)
    SystemInit                               0x08001fdd   Thumb Code   104  system_stm32f0xx.o(i.SystemInit)
    TaskB                                    0x08002051   Thumb Code    36  main.o(i.TaskB)
    TaskC                                    0x08002079   Thumb Code    36  main.o(i.TaskC)
    __ARM_common_switch8                     0x080020a1   Thumb Code    28  rtx_config.o(i.__ARM_common_switch8)
    _mutex_acquire                           0x08002135   Thumb Code    24  rtx_lib.o(i._mutex_acquire)
    _mutex_free                              0x0800214d   Thumb Code    12  rtx_lib.o(i._mutex_free)
    _mutex_initialize                        0x08002159   Thumb Code    36  rtx_lib.o(i._mutex_initialize)
    _mutex_release                           0x0800217d   Thumb Code    20  rtx_lib.o(i._mutex_release)
    _platform_post_stackheap_init            0x08002191   Thumb Code     8  rtx_lib.o(i._platform_post_stackheap_init)
    app_main                                 0x08002199   Thumb Code    40  main.o(i.app_main)
    main                                     0x080021c5   Thumb Code    54  main.o(i.main)
    osRtxErrorNotify                         0x08002209   Thumb Code    32  rtx_config.o(i.osRtxErrorNotify)
    osRtxIdleThread                          0x08002229   Thumb Code     4  rtx_config.o(i.osRtxIdleThread)
    osRtxUserSVC                             0x080022b0   Data           4  rtx_lib.o(.constdata)
    AHBPrescTable                            0x080022b4   Data          16  system_stm32f0xx.o(.constdata)
    APBPrescTable                            0x080022c4   Data           8  system_stm32f0xx.o(.constdata)
    irqRtxLib                                0x080022cc   Data           1  irq_cm0.o(.constdata)
    osRtxConfig                              0x080022d0   Data         104  rtx_lib.o(.rodata)
    Region$$Table$$Base                      0x08002344   Number         0  anon$$obj.o(Region$$Table)
    Region$$Table$$Limit                     0x08002364   Number         0  anon$$obj.o(Region$$Table)
    .bss.os.msgqueue.cb$$Base                0x20000540   Number         0  rtx_lib.o(.bss.os.msgqueue.cb)
    .bss.os.msgqueue.cb$$Limit               0x20000574   Number         0  rtx_lib.o(.bss.os.msgqueue.cb)
    .bss.os.thread.cb$$Base                  0x200005c4   Number         0  rtx_lib.o(.bss.os.thread.cb)
    .bss.os.thread.cb$$Limit                 0x2000064c   Number         0  rtx_lib.o(.bss.os.thread.cb)
    irqRtxLibRef                             0x20000850   Data           4  rtx_lib.o(.data)
    SystemCoreClock                          0x20000858   Data           4  system_stm32f0xx.o(.data)
    osRtxInfo                                0x2000085c   Data         164  rtx_kernel.o(.data.os)
    __libspace_start                         0x20000900   Data          96  libspace.o(.bss)
    __temporary_stack_top$libspace           0x20000960   Data           0  libspace.o(.bss)



==============================================================================

Memory Map of the image

  Image Entry point : 0x080000b1

  Load Region LR_IROM1 (Base: 0x08000000, Size: 0x00002c64, Max: 0x00008000, ABSOLUTE, COMPRESSED[0x00002388])

    Execution Region ER_IROM1 (Exec base: 0x08000000, Load base: 0x08000000, Size: 0x00002364, Max: 0x00008000, ABSOLUTE)

    Exec Addr    Load Addr    Size         Type   Attr      Idx    E Section Name        Object

    0x08000000   0x08000000   0x000000b0   Data   RO          874    RESET               startup_stm32f030x6.o
    0x080000b0   0x080000b0   0x00000008   Code   RO         1392  * !!!main             c_p.l(__main.o)
    0x080000b8   0x080000b8   0x0000003c   Code   RO         1561    !!!scatter          c_p.l(__scatter.o)
    0x080000f4   0x080000f4   0x0000001c   Code   RO         1563    !!handler_zi        c_p.l(__scatter_zi.o)
    0x08000110   0x08000110   0x00000002   Code   RO         1428    .ARM.Collect$$libinit$$00000000  c_p.l(libinit.o)
    0x08000112   0x08000112   0x00000000   Code   RO         1442    .ARM.Collect$$libinit$$00000002  c_p.l(libinit2.o)
    0x08000112   0x08000112   0x00000000   Code   RO         1444    .ARM.Collect$$libinit$$00000004  c_p.l(libinit2.o)
    0x08000112   0x08000112   0x00000000   Code   RO         1447    .ARM.Collect$$libinit$$0000000A  c_p.l(libinit2.o)
    0x08000112   0x08000112   0x00000000   Code   RO         1449    .ARM.Collect$$libinit$$0000000C  c_p.l(libinit2.o)
    0x08000112   0x08000112   0x00000000   Code   RO         1451    .ARM.Collect$$libinit$$0000000E  c_p.l(libinit2.o)
    0x08000112   0x08000112   0x00000000   Code   RO         1454    .ARM.Collect$$libinit$$00000011  c_p.l(libinit2.o)
    0x08000112   0x08000112   0x00000000   Code   RO         1456    .ARM.Collect$$libinit$$00000013  c_p.l(libinit2.o)
    0x08000112   0x08000112   0x00000000   Code   RO         1458    .ARM.Collect$$libinit$$00000015  c_p.l(libinit2.o)
    0x08000112   0x08000112   0x00000000   Code   RO         1460    .ARM.Collect$$libinit$$00000017  c_p.l(libinit2.o)
    0x08000112   0x08000112   0x00000000   Code   RO         1462    .ARM.Collect$$libinit$$00000019  c_p.l(libinit2.o)
    0x08000112   0x08000112   0x00000000   Code   RO         1464    .ARM.Collect$$libinit$$0000001B  c_p.l(libinit2.o)
    0x08000112   0x08000112   0x00000000   Code   RO         1466    .ARM.Collect$$libinit$$0000001D  c_p.l(libinit2.o)
    0x08000112   0x08000112   0x00000000   Code   RO         1468    .ARM.Collect$$libinit$$0000001F  c_p.l(libinit2.o)
    0x08000112   0x08000112   0x00000000   Code   RO         1470    .ARM.Collect$$libinit$$00000021  c_p.l(libinit2.o)
    0x08000112   0x08000112   0x00000000   Code   RO         1472    .ARM.Collect$$libinit$$00000023  c_p.l(libinit2.o)
    0x08000112   0x08000112   0x00000000   Code   RO         1474    .ARM.Collect$$libinit$$00000025  c_p.l(libinit2.o)
    0x08000112   0x08000112   0x00000000   Code   RO         1478    .ARM.Collect$$libinit$$0000002C  c_p.l(libinit2.o)
    0x08000112   0x08000112   0x00000000   Code   RO         1480    .ARM.Collect$$libinit$$0000002E  c_p.l(libinit2.o)
    0x08000112   0x08000112   0x00000000   Code   RO         1482    .ARM.Collect$$libinit$$00000030  c_p.l(libinit2.o)
    0x08000112   0x08000112   0x00000000   Code   RO         1484    .ARM.Collect$$libinit$$00000032  c_p.l(libinit2.o)
    0x08000112   0x08000112   0x00000002   Code   RO         1485    .ARM.Collect$$libinit$$00000033  c_p.l(libinit2.o)
    0x08000114   0x08000114   0x00000002   Code   RO         1516    .ARM.Collect$$libshutdown$$00000000  c_p.l(libshutdown.o)
    0x08000116   0x08000116   0x00000000   Code   RO         1542    .ARM.Collect$$libshutdown$$00000002  c_p.l(libshutdown2.o)
    0x08000116   0x08000116   0x00000000   Code   RO         1544    .ARM.Collect$$libshutdown$$00000004  c_p.l(libshutdown2.o)
    0x08000116   0x08000116   0x00000000   Code   RO         1547    .ARM.Collect$$libshutdown$$00000007  c_p.l(libshutdown2.o)
    0x08000116   0x08000116   0x00000000   Code   RO         1550    .ARM.Collect$$libshutdown$$0000000A  c_p.l(libshutdown2.o)
    0x08000116   0x08000116   0x00000000   Code   RO         1552    .ARM.Collect$$libshutdown$$0000000C  c_p.l(libshutdown2.o)
    0x08000116   0x08000116   0x00000000   Code   RO         1555    .ARM.Collect$$libshutdown$$0000000F  c_p.l(libshutdown2.o)
    0x08000116   0x08000116   0x00000002   Code   RO         1556    .ARM.Collect$$libshutdown$$00000010  c_p.l(libshutdown2.o)
    0x08000118   0x08000118   0x00000000   Code   RO         1394    .ARM.Collect$$rtentry$$00000000  c_p.l(__rtentry.o)
    0x08000118   0x08000118   0x00000000   Code   RO         1400    .ARM.Collect$$rtentry$$00000002  c_p.l(__rtentry2.o)
    0x08000118   0x08000118   0x00000006   Code   RO         1412    .ARM.Collect$$rtentry$$00000004  c_p.l(__rtentry4.o)
    0x0800011e   0x0800011e   0x00000008   Code   RO         1401    .ARM.Collect$$rtentry$$00000008  c_p.l(__rtentry2.o)
    0x08000126   0x08000126   0x00000004   Code   RO         1403    .ARM.Collect$$rtentry$$0000000A  c_p.l(__rtentry2.o)
    0x0800012a   0x0800012a   0x00000000   Code   RO         1405    .ARM.Collect$$rtentry$$0000000C  c_p.l(__rtentry2.o)
    0x0800012a   0x0800012a   0x00000008   Code   RO         1406    .ARM.Collect$$rtentry$$0000000D  c_p.l(__rtentry2.o)
    0x08000132   0x08000132   0x00000002   Code   RO         1433    .ARM.Collect$$rtexit$$00000000  c_p.l(rtexit.o)
    0x08000134   0x08000134   0x00000000   Code   RO         1489    .ARM.Collect$$rtexit$$00000002  c_p.l(rtexit2.o)
    0x08000134   0x08000134   0x00000004   Code   RO         1490    .ARM.Collect$$rtexit$$00000003  c_p.l(rtexit2.o)
    0x08000138   0x08000138   0x00000006   Code   RO         1491    .ARM.Collect$$rtexit$$00000004  c_p.l(rtexit2.o)
    0x0800013e   0x0800013e   0x00000002   PAD
    0x08000140   0x08000140   0x00000038   Code   RO         1380    .emb_text           c_p.l(rt_memcpy.o)
    0x08000178   0x08000178   0x00000038   Code   RO          875    .text               startup_stm32f030x6.o
    0x080001b0   0x080001b0   0x000000a4   Code   RO         1163    .text               RTX_CM0.lib(irq_cm0.o)
    0x08000254   0x08000254   0x00000082   Code   RO         1381    .text               c_p.l(rt_memcpy.o)
    0x080002d6   0x080002d6   0x00000040   Code   RO         1384    .text               c_p.l(rt_memclr.o)
    0x08000316   0x08000316   0x0000015a   Code   RO         1386    .text               c_p.l(aeabi_sdiv.o)
    0x08000470   0x08000470   0x00000006   Code   RO         1390    .text               c_p.l(heapauxi.o)
    0x08000476   0x08000476   0x0000003e   Code   RO         1416    .text               c_p.l(sys_stackheap_outer.o)
    0x080004b4   0x080004b4   0x00000010   Code   RO         1419    .text               c_p.l(exit.o)
    0x080004c4   0x080004c4   0x00000008   Code   RO         1429    .text               c_p.l(libspace.o)
    0x080004cc   0x080004cc   0x0000000c   Code   RO         1486    .text               c_p.l(sys_exit.o)
    0x080004d8   0x080004d8   0x00000002   Code   RO         1505    .text               c_p.l(use_no_semi.o)
    0x080004da   0x080004da   0x00000000   Code   RO         1507    .text               c_p.l(indicate_semi.o)
    0x080004da   0x080004da   0x0000003a   Code   RO         1559    .text               c_p.l(__dczerorl.o)
    0x08000514   0x08000514   0x0000004c   Code   RO         1360    .text.MessageQueueGet  RTX_CM0.lib(rtx_msgqueue.o)
    0x08000560   0x08000560   0x00000064   Code   RO         1354    .text.MessageQueuePut  RTX_CM0.lib(rtx_msgqueue.o)
    0x080005c4   0x080005c4   0x0000001e   Code   RO         1352    .text.MessageQueueRemove  RTX_CM0.lib(rtx_msgqueue.o)
    0x080005e2   0x080005e2   0x00000002   PAD
    0x080005e4   0x080005e4   0x0000000c   Code   RO         1298    .text.OS_Tick_AcknowledgeIRQ  RTX_CM0.lib(os_systick.o)
    0x080005f0   0x080005f0   0x0000002c   Code   RO         1294    .text.OS_Tick_Enable  RTX_CM0.lib(os_systick.o)
    0x0800061c   0x0800061c   0x00000006   Code   RO         1300    .text.OS_Tick_GetIRQn  RTX_CM0.lib(os_systick.o)
    0x08000622   0x08000622   0x00000002   PAD
    0x08000624   0x08000624   0x0000004c   Code   RO         1292    .text.OS_Tick_Setup  RTX_CM0.lib(os_systick.o)
    0x08000670   0x08000670   0x00000052   Code   RO         1058    .text.ThreadFlagsCheck  RTX_CM0.lib(rtx_thread.o)
    0x080006c2   0x080006c2   0x00000002   PAD
    0x080006c4   0x080006c4   0x0000004c   Code   RO         1184    .text.TimerInsert   RTX_CM0.lib(rtx_timer.o)
    0x08000710   0x08000710   0x00000028   Code   RO         1111    .text.osDelay       RTX_CM0.lib(rtx_delay.o)
    0x08000738   0x08000738   0x00000030   Code   RO          921    .text.osKernelGetState  RTX_CM0.lib(rtx_kernel.o)
    0x08000768   0x08000768   0x00000028   Code   RO          915    .text.osKernelInitialize  RTX_CM0.lib(rtx_kernel.o)
    0x08000790   0x08000790   0x00000024   Code   RO          925    .text.osKernelStart  RTX_CM0.lib(rtx_kernel.o)
    0x080007b4   0x080007b4   0x00000074   Code   RO         1326    .text.osMessageQueueGet  RTX_CM0.lib(rtx_msgqueue.o)
    0x08000828   0x08000828   0x00000024   Code   RO         1320    .text.osMessageQueueNew  RTX_CM0.lib(rtx_msgqueue.o)
    0x0800084c   0x0800084c   0x00000080   Code   RO         1324    .text.osMessageQueuePut  RTX_CM0.lib(rtx_msgqueue.o)
    0x080008cc   0x080008cc   0x00000028   Code   RO         1134    .text.osMutexAcquire  RTX_CM0.lib(rtx_mutex.o)
    0x080008f4   0x080008f4   0x00000028   Code   RO         1140    .text.osMutexDelete  RTX_CM0.lib(rtx_mutex.o)
    0x0800091c   0x0800091c   0x00000024   Code   RO         1130    .text.osMutexNew    RTX_CM0.lib(rtx_mutex.o)
    0x08000940   0x08000940   0x00000028   Code   RO         1136    .text.osMutexRelease  RTX_CM0.lib(rtx_mutex.o)
    0x08000968   0x08000968   0x00000002   Code   RO          913    .text.osRtxKernelPreInit  RTX_CM0.lib(rtx_kernel.o)
    0x0800096a   0x0800096a   0x00000078   Code   RO         1211    .text.osRtxMemoryAlloc  RTX_CM0.lib(rtx_memory.o)
    0x080009e2   0x080009e2   0x0000004e   Code   RO         1213    .text.osRtxMemoryFree  RTX_CM0.lib(rtx_memory.o)
    0x08000a30   0x08000a30   0x0000003a   Code   RO         1209    .text.osRtxMemoryInit  RTX_CM0.lib(rtx_memory.o)
    0x08000a6a   0x08000a6a   0x0000002c   Code   RO         1226    .text.osRtxMemoryPoolAlloc  RTX_CM0.lib(rtx_mempool.o)
    0x08000a96   0x08000a96   0x0000003c   Code   RO         1228    .text.osRtxMemoryPoolFree  RTX_CM0.lib(rtx_mempool.o)
    0x08000ad2   0x08000ad2   0x00000044   Code   RO         1224    .text.osRtxMemoryPoolInit  RTX_CM0.lib(rtx_mempool.o)
    0x08000b16   0x08000b16   0x000000c0   Code   RO         1350    .text.osRtxMessageQueuePostProcess  RTX_CM0.lib(rtx_msgqueue.o)
    0x08000bd6   0x08000bd6   0x0000003e   Code   RO         1128    .text.osRtxMutexOwnerRelease  RTX_CM0.lib(rtx_mutex.o)
    0x08000c14   0x08000c14   0x00000080   Code   RO         1279    .text.osRtxPendSV_Handler  RTX_CM0.lib(rtx_system.o)
    0x08000c94   0x08000c94   0x0000006c   Code   RO         1281    .text.osRtxPostProcess  RTX_CM0.lib(rtx_system.o)
    0x08000d00   0x08000d00   0x00000038   Code   RO          998    .text.osRtxThreadBlock  RTX_CM0.lib(rtx_thread.o)
    0x08000d38   0x08000d38   0x0000007c   Code   RO         1006    .text.osRtxThreadDelayInsert  RTX_CM0.lib(rtx_thread.o)
    0x08000db4   0x08000db4   0x0000004c   Code   RO         1002    .text.osRtxThreadDelayRemove  RTX_CM0.lib(rtx_thread.o)
    0x08000e00   0x08000e00   0x00000038   Code   RO          988    .text.osRtxThreadDelayTick  RTX_CM0.lib(rtx_thread.o)
    0x08000e38   0x08000e38   0x00000050   Code   RO          996    .text.osRtxThreadDispatch  RTX_CM0.lib(rtx_thread.o)
    0x08000e88   0x08000e88   0x00000050   Code   RO         1082    .text.osRtxThreadFree  RTX_CM0.lib(rtx_thread.o)
    0x08000ed8   0x08000ed8   0x00000014   Code   RO          980    .text.osRtxThreadListGet  RTX_CM0.lib(rtx_thread.o)
    0x08000eec   0x08000eec   0x0000002c   Code   RO          978    .text.osRtxThreadListPut  RTX_CM0.lib(rtx_thread.o)
    0x08000f18   0x08000f18   0x00000018   Code   RO          984    .text.osRtxThreadListRemove  RTX_CM0.lib(rtx_thread.o)
    0x08000f30   0x08000f30   0x00000026   Code   RO          982    .text.osRtxThreadListSort  RTX_CM0.lib(rtx_thread.o)
    0x08000f56   0x08000f56   0x00000026   Code   RO         1056    .text.osRtxThreadPostProcess  RTX_CM0.lib(rtx_thread.o)
    0x08000f7c   0x08000f7c   0x00000018   Code   RO          986    .text.osRtxThreadReadyPut  RTX_CM0.lib(rtx_thread.o)
    0x08000f94   0x08000f94   0x00000006   Code   RO          990    .text.osRtxThreadRegPtr  RTX_CM0.lib(rtx_thread.o)
    0x08000f9a   0x08000f9a   0x00000002   PAD
    0x08000f9c   0x08000f9c   0x0000002c   Code   RO          994    .text.osRtxThreadStackCheck  RTX_CM0.lib(rtx_thread.o)
    0x08000fc8   0x08000fc8   0x00000044   Code   RO         1008    .text.osRtxThreadStartup  RTX_CM0.lib(rtx_thread.o)
    0x0800100c   0x0800100c   0x00000014   Code   RO          992    .text.osRtxThreadSwitch  RTX_CM0.lib(rtx_thread.o)
    0x08001020   0x08001020   0x0000003c   Code   RO         1004    .text.osRtxThreadWaitEnter  RTX_CM0.lib(rtx_thread.o)
    0x0800105c   0x0800105c   0x00000022   Code   RO         1000    .text.osRtxThreadWaitExit  RTX_CM0.lib(rtx_thread.o)
    0x0800107e   0x0800107e   0x00000002   PAD
    0x08001080   0x08001080   0x00000074   Code   RO         1277    .text.osRtxTick_Handler  RTX_CM0.lib(rtx_system.o)
    0x080010f4   0x080010f4   0x0000003c   Code   RO         1168    .text.osRtxTimerThread  RTX_CM0.lib(rtx_timer.o)
    0x08001130   0x08001130   0x00000060   Code   RO         1170    .text.osRtxTimerTick  RTX_CM0.lib(rtx_timer.o)
    0x08001190   0x08001190   0x0000000c   Code   RO         1040    .text.osThreadExit  RTX_CM0.lib(rtx_thread.o)
    0x0800119c   0x0800119c   0x00000024   Code   RO         1012    .text.osThreadNew   RTX_CM0.lib(rtx_thread.o)
    0x080011c0   0x080011c0   0x00000012   Code   RO         1115    .text.svcRtxDelay   RTX_CM0.lib(rtx_delay.o)
    0x080011d2   0x080011d2   0x00000002   PAD
    0x080011d4   0x080011d4   0x0000000c   Code   RO          923    .text.svcRtxKernelGetState  RTX_CM0.lib(rtx_kernel.o)
    0x080011e0   0x080011e0   0x00000144   Code   RO          953    .text.svcRtxKernelInitialize  RTX_CM0.lib(rtx_kernel.o)
    0x08001324   0x08001324   0x00000084   Code   RO          955    .text.svcRtxKernelStart  RTX_CM0.lib(rtx_kernel.o)
    0x080013a8   0x080013a8   0x000000ec   Code   RO         1362    .text.svcRtxMessageQueueGet  RTX_CM0.lib(rtx_msgqueue.o)
    0x08001494   0x08001494   0x000001cc   Code   RO         1348    .text.svcRtxMessageQueueNew  RTX_CM0.lib(rtx_msgqueue.o)
    0x08001660   0x08001660   0x000000d4   Code   RO         1358    .text.svcRtxMessageQueuePut  RTX_CM0.lib(rtx_msgqueue.o)
    0x08001734   0x08001734   0x000000a0   Code   RO         1146    .text.svcRtxMutexAcquire  RTX_CM0.lib(rtx_mutex.o)
    0x080017d4   0x080017d4   0x000000c0   Code   RO         1152    .text.svcRtxMutexDelete  RTX_CM0.lib(rtx_mutex.o)
    0x08001894   0x08001894   0x00000074   Code   RO         1142    .text.svcRtxMutexNew  RTX_CM0.lib(rtx_mutex.o)
    0x08001908   0x08001908   0x000000bc   Code   RO         1148    .text.svcRtxMutexRelease  RTX_CM0.lib(rtx_mutex.o)
    0x080019c4   0x080019c4   0x00000074   Code   RO         1086    .text.svcRtxThreadExit  RTX_CM0.lib(rtx_thread.o)
    0x08001a38   0x08001a38   0x00000200   Code   RO         1010    .text.svcRtxThreadNew  RTX_CM0.lib(rtx_thread.o)
    0x08001c38   0x08001c38   0x000001f0   Code   RO          679    i.HAL_GPIO_Init     stm32f0xx_hal_gpio.o
    0x08001e28   0x08001e28   0x0000000c   Code   RO          683    i.HAL_GPIO_WritePin  stm32f0xx_hal_gpio.o
    0x08001e34   0x08001e34   0x00000020   Code   RO          242    i.HAL_Init          stm32f0xx_hal.o
    0x08001e54   0x08001e54   0x00000026   Code   RO          243    i.HAL_InitTick      stm32f0xx_hal.o
    0x08001e7a   0x08001e7a   0x00000002   Code   RO          245    i.HAL_MspInit       stm32f0xx_hal.o
    0x08001e7c   0x08001e7c   0x00000012   Code   RO          375    i.HAL_NVIC_SetPriority  stm32f0xx_hal_cortex.o
    0x08001e8e   0x08001e8e   0x00000002   PAD
    0x08001e90   0x08001e90   0x0000000c   Code   RO          748    i.HAL_RCC_GetHCLKFreq  stm32f0xx_hal_rcc.o
    0x08001e9c   0x08001e9c   0x00000038   Code   RO          379    i.HAL_SYSTICK_Config  stm32f0xx_hal_cortex.o
    0x08001ed4   0x08001ed4   0x00000058   Code   RO            3    i.MX_GPIO_Init      main.o
    0x08001f2c   0x08001f2c   0x000000b0   Code   RO          881    i.SystemCoreClockUpdate  system_stm32f0xx.o
    0x08001fdc   0x08001fdc   0x00000074   Code   RO          882    i.SystemInit        system_stm32f0xx.o
    0x08002050   0x08002050   0x00000028   Code   RO            4    i.TaskB             main.o
    0x08002078   0x08002078   0x00000028   Code   RO            5    i.TaskC             main.o
    0x080020a0   0x080020a0   0x0000001c   Code   RO          217    i.__ARM_common_switch8  rtx_config.o
    0x080020bc   0x080020bc   0x00000078   Code   RO          381    i.__NVIC_SetPriority  stm32f0xx_hal_cortex.o
    0x08002134   0x08002134   0x00000018   Code   RO          120    i._mutex_acquire    rtx_lib.o
    0x0800214c   0x0800214c   0x0000000c   Code   RO          121    i._mutex_free       rtx_lib.o
    0x08002158   0x08002158   0x00000024   Code   RO          122    i._mutex_initialize  rtx_lib.o
    0x0800217c   0x0800217c   0x00000014   Code   RO          123    i._mutex_release    rtx_lib.o
    0x08002190   0x08002190   0x00000008   Code   RO          124    i._platform_post_stackheap_init  rtx_lib.o
    0x08002198   0x08002198   0x0000002c   Code   RO            6    i.app_main          main.o
    0x080021c4   0x080021c4   0x00000044   Code   RO            7    i.main              main.o
    0x08002208   0x08002208   0x00000020   Code   RO          196    i.osRtxErrorNotify  rtx_config.o
    0x08002228   0x08002228   0x00000004   Code   RO          197    i.osRtxIdleThread   rtx_config.o
    0x0800222c   0x0800222c   0x00000024   Code   RO          125    i.os_kernel_is_active  rtx_lib.o
    0x08002250   0x08002250   0x00000064   Data   RO          132    .constdata          rtx_lib.o
    0x080022b4   0x080022b4   0x00000018   Data   RO          883    .constdata          system_stm32f0xx.o
    0x080022cc   0x080022cc   0x00000001   Data   RO         1162    .constdata          RTX_CM0.lib(irq_cm0.o)
    0x080022cd   0x080022cd   0x00000003   PAD
    0x080022d0   0x080022d0   0x00000068   Data   RO          134    .rodata             rtx_lib.o
    0x08002338   0x08002338   0x0000000b   Data   RO          967    .rodata.str1.4      RTX_CM0.lib(rtx_kernel.o)
    0x08002343   0x08002343   0x00000001   PAD
    0x08002344   0x08002344   0x00000020   Data   RO         1557    Region$$Table       anon$$obj.o


    Execution Region RW_IRAM1 (Exec base: 0x20000000, Load base: 0x08002364, Size: 0x00000f68, Max: 0x00001000, ABSOLUTE, COMPRESSED[0x00000024])

    Exec Addr    Load Addr    Size         Type   Attr      Idx    E Section Name        Object

    0x20000000   COMPRESSED   0x00000540   Data   RW          126    .bss.os             rtx_lib.o
    0x20000540   COMPRESSED   0x00000034   Data   RW          128    .bss.os.msgqueue.cb  rtx_lib.o
    0x20000574   COMPRESSED   0x00000050   Data   RW          129    .bss.os.msgqueue.mem  rtx_lib.o
    0x200005c4   COMPRESSED   0x00000088   Data   RW          130    .bss.os.thread.cb   rtx_lib.o
    0x2000064c   COMPRESSED   0x00000004   PAD
    0x20000650   COMPRESSED   0x00000200   Data   RW          131    .bss.os.thread.stack  rtx_lib.o
    0x20000850   COMPRESSED   0x00000005   Data   RW          133    .data               rtx_lib.o
    0x20000855   COMPRESSED   0x00000003   PAD
    0x20000858   COMPRESSED   0x00000004   Data   RW          884    .data               system_stm32f0xx.o
    0x2000085c   COMPRESSED   0x000000a4   Data   RW          968    .data.os            RTX_CM0.lib(rtx_kernel.o)
    0x20000900        -       0x00000060   Zero   RW         1430    .bss                c_p.l(libspace.o)
    0x20000960        -       0x00000001   Zero   RW         1310    .bss.PendST         RTX_CM0.lib(os_systick.o)
    0x20000961   COMPRESSED   0x00000007   PAD
    0x20000968        -       0x00000200   Zero   RW          873    HEAP                startup_stm32f030x6.o
    0x20000b68        -       0x00000400   Zero   RW          872    STACK               startup_stm32f030x6.o


==============================================================================

Image component sizes


      Code (inc. data)   RO Data    RW Data    ZI Data      Debug   Object Name

       280         34          0          0          0     186650   main.o
        64          8          0          0          0       1009   rtx_config.o
       136          6        204       2129          0      12359   rtx_lib.o
        56         26        176          0       1536        632   startup_stm32f030x6.o
        72          4          0          0          0       1788   stm32f0xx_hal.o
       194         20          0          0          0      10020   stm32f0xx_hal_cortex.o
       508         26          0          0          0       2608   stm32f0xx_hal_gpio.o
        12          6          0          0          0        590   stm32f0xx_hal_rcc.o
       292         32         24          4          0       2071   system_stm32f0xx.o

    ----------------------------------------------------------------------
      1616        162        436       2140       1536     217727   Object Totals
         0          0         32          0          0          0   (incl. Generated)
         2          0          0          7          0          0   (incl. Padding)

    ----------------------------------------------------------------------

      Code (inc. data)   RO Data    RW Data    ZI Data      Debug   Library Member Name

       164          8          1          0          0        496   irq_cm0.o
       138         32          0          0          1       2742   os_systick.o
        58          4          0          0          0       2717   rtx_delay.o
       594         48         11        164          0      15944   rtx_kernel.o
       256          0          0          0          0       2691   rtx_memory.o
       172          0          0          0          0      14194   rtx_mempool.o
      1586         44          0          0          0      17916   rtx_msgqueue.o
       874         32          0          0          0       9093   rtx_mutex.o
       352         26          0          0          0       4610   rtx_system.o
      1650         96          0          0          0      30751   rtx_thread.o
       232         20          0          0          0       9904   rtx_timer.o
        58          0          0          0          0          0   __dczerorl.o
         8          0          0          0          0         68   __main.o
         0          0          0          0          0          0   __rtentry.o
        20          0          0          0          0          0   __rtentry2.o
         6          0          0          0          0          0   __rtentry4.o
        60          8          0          0          0          0   __scatter.o
        28          0          0          0          0          0   __scatter_zi.o
       346          0          0          0          0         92   aeabi_sdiv.o
        16          0          0          0          0         68   exit.o
         6          0          0          0          0        136   heapauxi.o
         0          0          0          0          0          0   indicate_semi.o
         2          0          0          0          0          0   libinit.o
         2          0          0          0          0          0   libinit2.o
         2          0          0          0          0          0   libshutdown.o
         2          0          0          0          0          0   libshutdown2.o
         8          4          0          0         96         68   libspace.o
        64          0          0          0          0        108   rt_memclr.o
       186          0          0          0          0        144   rt_memcpy.o
         2          0          0          0          0          0   rtexit.o
        10          0          0          0          0          0   rtexit2.o
        12          4          0          0          0         60   sys_exit.o
        62          0          0          0          0         80   sys_stackheap_outer.o
         2          0          0          0          0         68   use_no_semi.o

    ----------------------------------------------------------------------
      6992        326         16        164        104     111950   Library Totals
        14          0          4          0          7          0   (incl. Padding)

    ----------------------------------------------------------------------

      Code (inc. data)   RO Data    RW Data    ZI Data      Debug   Library Name

      6076        310         12        164          1     111058   RTX_CM0.lib
       902         16          0          0         96        892   c_p.l

    ----------------------------------------------------------------------
      6992        326         16        164        104     111950   Library Totals

    ----------------------------------------------------------------------

==============================================================================


      Code (inc. data)   RO Data    RW Data    ZI Data      Debug   

      8608        488        452       2304       1640     328233   Grand Totals
      8608        488        452         36       1640     328233   ELF Image Totals (compressed)
      8608        488        452         36          0          0   ROM Totals

==============================================================================

    Total RO  Size (Code + RO Data)                 9060 (   8.85kB)
    Total RW  Size (RW Data + ZI Data)              3944 (   3.85kB)
    Total ROM Size (Code + RO Data + RW Data)       9096 (   8.88kB)

==============================================================================

