<html>
<body>
<pre>
<h1>µVision Build Log</h1>
<h2>Tool Versions:</h2>
IDE-Version: µVision V5.28.0.0
Copyright (C) 2019 ARM Ltd and ARM Germany GmbH. All rights reserved.
License Information: Ali Asadzadeh, ASiDesigner, LIC=NHY45-GAXNJ-SEZH0-BC16W-JRC7U-0VX4X
 
Tool Versions:
Toolchain:       MDK-ARM Professional  Version: 5.28.0.0
Toolchain Path:  C:\Keil_v5\ARM\ARMCC\Bin
C Compiler:      Armcc.exe V5.06 update 6 (build 750)
Assembler:       Armasm.exe V5.06 update 6 (build 750)
Linker/Locator:  ArmLink.exe V5.06 update 6 (build 750)
Library Manager: ArmAr.exe V5.06 update 6 (build 750)
Hex Converter:   FromElf.exe V5.06 update 6 (build 750)
CPU DLL:         SARMCM3.DLL V5.28.0.0
Dialog DLL:      DARMCM1.DLL V1.19.2.0
Target DLL:      Segger\JL2CM3.dll V2.99.36.0
Dialog DLL:      TARMCM1.DLL V1.14.1.0
 
<h2>Project:</h2>
C:\Users\ASiDesigner\Desktop\RTOS\RTX\RTX.uvprojx
Project File Date:  08/11/2019

<h2>Output:</h2>
*** Using Compiler 'V5.06 update 6 (build 750)', folder: 'C:\Keil_v5\ARM\ARMCC\Bin'
Build target 'Target 1'
compiling main.c...
linking...
Program Size: Code=8608 RO-data=452 RW-data=2304 ZI-data=1640  
".\Objects\RTX.axf" - 0 Error(s), 0 Warning(s).

<h2>Software Packages used:</h2>

Package Vendor: ARM
                http://www.keil.com/pack/ARM.CMSIS.5.5.1.pack
                ARM.CMSIS.5.5.1
                CMSIS (Cortex Microcontroller Software Interface Standard)
   * Component: RTOS2 Version: 2.1.3
   * Component: CORE Version: 5.2.0
   * Component: Keil RTX5 Variant: Library Version: 5.5.0

Package Vendor: Keil
                http://www.keil.com/pack/Keil.STM32F0xx_DFP.2.0.0.pack
                Keil.STM32F0xx_DFP.2.0.0
                STMicroelectronics STM32F0 Series Device Support, Drivers and Examples
   * Component: COMMON Version: 1.7.0
   * Component: CORTEX Version: 1.7.0
   * Component: FLASH Version: 1.7.0
   * Component: GPIO Version: 1.7.0
   * Component: RCC Version: 1.7.0
   * Component: Startup Version: 1.0.0

<h2>Collection of Component include folders:</h2>
  .\RTE\CMSIS
  .\RTE\Device\STM32F030K6Tx
  .\RTE\_Target_1
  C:\Users\ASiDesigner\AppData\Local\Arm\Packs\ARM\CMSIS\5.5.1\CMSIS\Core\Include
  C:\Users\ASiDesigner\AppData\Local\Arm\Packs\ARM\CMSIS\5.5.1\CMSIS\RTOS2\Include
  C:\Users\ASiDesigner\AppData\Local\Arm\Packs\ARM\CMSIS\5.5.1\CMSIS\RTOS2\RTX\Include
  C:\Users\ASiDesigner\AppData\Local\Arm\Packs\Keil\STM32F0xx_DFP\2.0.0\Drivers\CMSIS\Device\ST\STM32F0xx\Include
  C:\Users\ASiDesigner\AppData\Local\Arm\Packs\Keil\STM32F0xx_DFP\2.0.0\Drivers\STM32F0xx_HAL_Driver\Inc
  C:\Users\ASiDesigner\AppData\Local\Arm\Packs\Keil\STM32F0xx_DFP\2.0.0\Drivers\STM32F0xx_HAL_Driver\Inc\Legacy

<h2>Collection of Component Files used:</h2>

   * Component: ::CMSIS:RTOS2:2.1.3 (API)
      Include file:  CMSIS\RTOS2\Include\cmsis_os2.h

   * Component: ARM::CMSIS:CORE:5.2.0

   * Component: ARM::CMSIS:RTOS2:Keil RTX5:Library:5.5.0
      Source file:   CMSIS\RTOS2\RTX\Template\main.c
      Include file:  CMSIS\RTOS2\RTX\Include\rtx_os.h
      Source file:   CMSIS\RTOS2\RTX\Template\Mutex.c
      Source file:   CMSIS\RTOS2\RTX\Template\Timer.c
      Source file:   CMSIS\RTOS2\RTX\Config\RTX_Config.c
      Source file:   CMSIS\RTOS2\RTX\Template\Semaphore.c
      Source file:   CMSIS\RTOS2\RTX\Template\svc_user.c
      Source file:   CMSIS\RTOS2\RTX\Template\MemPool.c
      Source file:   CMSIS\RTOS2\RTX\Template\Thread.c
      Source file:   CMSIS\RTOS2\RTX\Template\Events.c
      Include file:  CMSIS\RTOS2\RTX\Config\RTX_Config.h
      Source file:   CMSIS\RTOS2\RTX\Template\MsgQueue.c
      Library file:  CMSIS\RTOS2\RTX\Library\ARM\RTX_CM0.lib
      Source file:   CMSIS\RTOS2\RTX\Source\rtx_lib.c

   * Component: Keil.Standalone::Device:STM32Cube HAL:COMMON:1.7.0
      Include file:  Drivers\STM32F0xx_HAL_Driver\Inc\stm32f0xx_hal_def.h
      Source file:   Drivers\STM32F0xx_HAL_Driver\Src\stm32f0xx_hal.c
      Include file:  MDK\Templates\Inc\stm32f0xx_hal_conf.h
      Source file:   MDK\Templates\Src\stm32f0xx_hal_msp.c
      Include file:  Drivers\STM32F0xx_HAL_Driver\Inc\stm32f0xx_hal.h
      Include file:  Drivers\STM32F0xx_HAL_Driver\Inc\Legacy\stm32_hal_legacy.h
      Source file:   MDK\Templates\Src\main.c
      Source file:   MDK\Templates\Src\stm32f0xx_it.c
      Include file:  MDK\Templates\Inc\main.h
      Include file:  MDK\Templates\Inc\stm32f0xx_it.h

   * Component: Keil.Standalone::Device:STM32Cube HAL:CORTEX:1.7.0
      Source file:   Drivers\STM32F0xx_HAL_Driver\Src\stm32f0xx_hal_cortex.c

   * Component: Keil.Standalone::Device:STM32Cube HAL:FLASH:1.7.0
      Source file:   Drivers\STM32F0xx_HAL_Driver\Src\stm32f0xx_hal_flash_ex.c
      Source file:   Drivers\STM32F0xx_HAL_Driver\Src\stm32f0xx_hal_flash.c

   * Component: Keil.Standalone::Device:STM32Cube HAL:GPIO:1.7.0
      Source file:   Drivers\STM32F0xx_HAL_Driver\Src\stm32f0xx_hal_gpio.c

   * Component: Keil.Standalone::Device:STM32Cube HAL:RCC:1.7.0
      Source file:   Drivers\STM32F0xx_HAL_Driver\Src\stm32f0xx_hal_rcc.c
      Source file:   Drivers\STM32F0xx_HAL_Driver\Src\stm32f0xx_hal_rcc_ex.c

   * Component: Keil.Standalone::Device:Startup:1.0.0
      Source file:   Drivers\CMSIS\Device\ST\STM32F0xx\Source\Templates\arm\startup_stm32f030x6.s
      Source file:   MDK\Device\Source\ARM\STM32F0xx_OPT.s
      Include file:  Drivers\CMSIS\Device\ST\STM32F0xx\Include\stm32f0xx.h
      Source file:   Drivers\CMSIS\Device\ST\STM32F0xx\Source\Templates\system_stm32f0xx.c
Build Time Elapsed:  00:00:00
</pre>
</body>
</html>
